stm32f4xx_it.c:81:6:NMI_Handler	4	static
stm32f4xx_it.c:94:6:HardFault_Handler	4	static
stm32f4xx_it.c:109:6:MemManage_Handler	4	static
stm32f4xx_it.c:124:6:BusFault_Handler	4	static
stm32f4xx_it.c:139:6:UsageFault_Handler	4	static
stm32f4xx_it.c:154:6:DebugMon_Handler	4	static
stm32f4xx_it.c:174:6:EXTI0_IRQHandler	8	static
stm32f4xx_it.c:189:6:TIM2_IRQHandler	8	static
stm32f4xx_it.c:206:6:USART1_IRQHandler	8	static
stm32f4xx_it.c:222:6:TIM6_DAC_IRQHandler	8	static
stm32f4xx_it.c:236:6:OTG_HS_IRQHandler	8	static
stm32f4xx_it.c:250:6:LTDC_IRQHandler	8	static
stm32f4xx_it.c:264:6:DMA2D_IRQHandler	8	static
