Archive member included to satisfy reference by file (symbol)

c:/st/stm32cubeide_1.3.0/stm32cubeide/plugins/com.st.stm32cube.ide.mcu.externaltools.gnu-tools-for-stm32.7-2018-q2-update.win32_1.0.0.201904181610/tools/bin/../lib/gcc/arm-none-eabi/7.3.1/../../../../arm-none-eabi/lib/thumb/v7e-m/fpv4-sp/hard\libc_nano.a(lib_a-errno.o)
                              Core/Src/syscalls.o (__errno)
c:/st/stm32cubeide_1.3.0/stm32cubeide/plugins/com.st.stm32cube.ide.mcu.externaltools.gnu-tools-for-stm32.7-2018-q2-update.win32_1.0.0.201904181610/tools/bin/../lib/gcc/arm-none-eabi/7.3.1/../../../../arm-none-eabi/lib/thumb/v7e-m/fpv4-sp/hard\libc_nano.a(lib_a-exit.o)
                              c:/st/stm32cubeide_1.3.0/stm32cubeide/plugins/com.st.stm32cube.ide.mcu.externaltools.gnu-tools-for-stm32.7-2018-q2-update.win32_1.0.0.201904181610/tools/bin/../lib/gcc/arm-none-eabi/7.3.1/../../../../arm-none-eabi/lib/thumb/v7e-m/fpv4-sp/hard/crt0.o (exit)
c:/st/stm32cubeide_1.3.0/stm32cubeide/plugins/com.st.stm32cube.ide.mcu.externaltools.gnu-tools-for-stm32.7-2018-q2-update.win32_1.0.0.201904181610/tools/bin/../lib/gcc/arm-none-eabi/7.3.1/../../../../arm-none-eabi/lib/thumb/v7e-m/fpv4-sp/hard\libc_nano.a(lib_a-impure.o)
                              c:/st/stm32cubeide_1.3.0/stm32cubeide/plugins/com.st.stm32cube.ide.mcu.externaltools.gnu-tools-for-stm32.7-2018-q2-update.win32_1.0.0.201904181610/tools/bin/../lib/gcc/arm-none-eabi/7.3.1/../../../../arm-none-eabi/lib/thumb/v7e-m/fpv4-sp/hard\libc_nano.a(lib_a-exit.o) (_global_impure_ptr)
c:/st/stm32cubeide_1.3.0/stm32cubeide/plugins/com.st.stm32cube.ide.mcu.externaltools.gnu-tools-for-stm32.7-2018-q2-update.win32_1.0.0.201904181610/tools/bin/../lib/gcc/arm-none-eabi/7.3.1/../../../../arm-none-eabi/lib/thumb/v7e-m/fpv4-sp/hard\libc_nano.a(lib_a-init.o)
                              c:/st/stm32cubeide_1.3.0/stm32cubeide/plugins/com.st.stm32cube.ide.mcu.externaltools.gnu-tools-for-stm32.7-2018-q2-update.win32_1.0.0.201904181610/tools/bin/../lib/gcc/arm-none-eabi/7.3.1/../../../../arm-none-eabi/lib/thumb/v7e-m/fpv4-sp/hard/crt0.o (__libc_init_array)
c:/st/stm32cubeide_1.3.0/stm32cubeide/plugins/com.st.stm32cube.ide.mcu.externaltools.gnu-tools-for-stm32.7-2018-q2-update.win32_1.0.0.201904181610/tools/bin/../lib/gcc/arm-none-eabi/7.3.1/../../../../arm-none-eabi/lib/thumb/v7e-m/fpv4-sp/hard\libc_nano.a(lib_a-memcpy-stub.o)
                              Middlewares/Third_Party/FreeRTOS/Source/queue.o (memcpy)
c:/st/stm32cubeide_1.3.0/stm32cubeide/plugins/com.st.stm32cube.ide.mcu.externaltools.gnu-tools-for-stm32.7-2018-q2-update.win32_1.0.0.201904181610/tools/bin/../lib/gcc/arm-none-eabi/7.3.1/../../../../arm-none-eabi/lib/thumb/v7e-m/fpv4-sp/hard\libc_nano.a(lib_a-memset.o)
                              c:/st/stm32cubeide_1.3.0/stm32cubeide/plugins/com.st.stm32cube.ide.mcu.externaltools.gnu-tools-for-stm32.7-2018-q2-update.win32_1.0.0.201904181610/tools/bin/../lib/gcc/arm-none-eabi/7.3.1/../../../../arm-none-eabi/lib/thumb/v7e-m/fpv4-sp/hard/crt0.o (memset)
c:/st/stm32cubeide_1.3.0/stm32cubeide/plugins/com.st.stm32cube.ide.mcu.externaltools.gnu-tools-for-stm32.7-2018-q2-update.win32_1.0.0.201904181610/tools/bin/../lib/gcc/arm-none-eabi/7.3.1/../../../../arm-none-eabi/lib/thumb/v7e-m/fpv4-sp/hard\libc_nano.a(lib_a-printf.o)
                              Core/Src/Shell.o (printf)
c:/st/stm32cubeide_1.3.0/stm32cubeide/plugins/com.st.stm32cube.ide.mcu.externaltools.gnu-tools-for-stm32.7-2018-q2-update.win32_1.0.0.201904181610/tools/bin/../lib/gcc/arm-none-eabi/7.3.1/../../../../arm-none-eabi/lib/thumb/v7e-m/fpv4-sp/hard\libc_nano.a(lib_a-puts.o)
                              Core/Src/Shell.o (puts)
c:/st/stm32cubeide_1.3.0/stm32cubeide/plugins/com.st.stm32cube.ide.mcu.externaltools.gnu-tools-for-stm32.7-2018-q2-update.win32_1.0.0.201904181610/tools/bin/../lib/gcc/arm-none-eabi/7.3.1/../../../../arm-none-eabi/lib/thumb/v7e-m/fpv4-sp/hard\libc_nano.a(lib_a-sprintf.o)
                              Core/Src/main.o (sprintf)
c:/st/stm32cubeide_1.3.0/stm32cubeide/plugins/com.st.stm32cube.ide.mcu.externaltools.gnu-tools-for-stm32.7-2018-q2-update.win32_1.0.0.201904181610/tools/bin/../lib/gcc/arm-none-eabi/7.3.1/../../../../arm-none-eabi/lib/thumb/v7e-m/fpv4-sp/hard\libc_nano.a(lib_a-wbuf.o)
                              c:/st/stm32cubeide_1.3.0/stm32cubeide/plugins/com.st.stm32cube.ide.mcu.externaltools.gnu-tools-for-stm32.7-2018-q2-update.win32_1.0.0.201904181610/tools/bin/../lib/gcc/arm-none-eabi/7.3.1/../../../../arm-none-eabi/lib/thumb/v7e-m/fpv4-sp/hard\libc_nano.a(lib_a-puts.o) (__swbuf_r)
c:/st/stm32cubeide_1.3.0/stm32cubeide/plugins/com.st.stm32cube.ide.mcu.externaltools.gnu-tools-for-stm32.7-2018-q2-update.win32_1.0.0.201904181610/tools/bin/../lib/gcc/arm-none-eabi/7.3.1/../../../../arm-none-eabi/lib/thumb/v7e-m/fpv4-sp/hard\libc_nano.a(lib_a-wsetup.o)
[...]
Memory Configuration

Name             Origin             Length             Attributes
CCMRAM           0x0000000010000000 0x0000000000010000 xrw
RAM              0x0000000020000000 0x0000000000030000 xrw
FLASH            0x0000000008000000 0x0000000000200000 xr
*default*        0x0000000000000000 0xffffffffffffffff

Linker script and memory map

LOAD c:/st/stm32cubeide_1.3.0/stm32cubeide/plugins/com.st.stm32cube.ide.mcu.externaltools.gnu-tools-for-stm32.7-2018-q2-update.win32_1.0.0.201904181610/tools/bin/../lib/gcc/arm-none-eabi/7.3.1/thumb/v7e-m/fpv4-sp/hard/crti.o
LOAD c:/st/stm32cubeide_1.3.0/stm32cubeide/plugins/com.st.stm32cube.ide.mcu.externaltools.gnu-tools-for-stm32.7-2018-q2-update.win32_1.0.0.201904181610/tools/bin/../lib/gcc/arm-none-eabi/7.3.1/thumb/v7e-m/fpv4-sp/hard/crtbegin.o
LOAD c:/st/stm32cubeide_1.3.0/stm32cubeide/plugins/com.st.stm32cube.ide.mcu.externaltools.gnu-tools-for-stm32.7-2018-q2-update.win32_1.0.0.201904181610/tools/bin/../lib/gcc/arm-none-eabi/7.3.1/../../../../arm-none-eabi/lib/thumb/v7e-m/fpv4-sp/hard/crt0.o
LOAD Core/Src/Shell.o
LOAD Core/Src/crc.o
LOAD Core/Src/dma2d.o
LOAD Core/Src/fmc.o
LOAD Core/Src/freertos.o
LOAD Core/Src/gpio.o
LOAD Core/Src/i2c.o
LOAD Core/Src/ltdc.o
LOAD Core/Src/main.o
LOAD Core/Src/spi.o
LOAD Core/Src/stm32f4xx_hal_msp.o
LOAD Core/Src/stm32f4xx_hal_timebase_tim.o
LOAD Core/Src/stm32f4xx_it.o
LOAD Core/Src/syscalls.o
LOAD Core/Src/sysmem.o
LOAD Core/Src/system_stm32f4xx.o
LOAD Core/Src/tim.o
LOAD Core/Src/usart.o
LOAD Core/Src/usb_otg.o
LOAD Core/Startup/startup_stm32f429zitx.o
LOAD Drivers/STM32F4xx_HAL_Driver/Src/stm32f4xx_hal.o
LOAD Drivers/STM32F4xx_HAL_Driver/Src/stm32f4xx_hal_cortex.o
LOAD Drivers/STM32F4xx_HAL_Driver/Src/stm32f4xx_hal_crc.o
LOAD Drivers/STM32F4xx_HAL_Driver/Src/stm32f4xx_hal_dma.o
LOAD Drivers/STM32F4xx_HAL_Driver/Src/stm32f4xx_hal_dma2d.o
LOAD Drivers/STM32F4xx_HAL_Driver/Src/stm32f4xx_hal_dma_ex.o
LOAD Drivers/STM32F4xx_HAL_Driver/Src/stm32f4xx_hal_dsi.o
LOAD Drivers/STM32F4xx_HAL_Driver/Src/stm32f4xx_hal_exti.o
LOAD Drivers/STM32F4xx_HAL_Driver/Src/stm32f4xx_hal_flash.o
LOAD Drivers/STM32F4xx_HAL_Driver/Src/stm32f4xx_hal_flash_ex.o
LOAD Drivers/STM32F4xx_HAL_Driver/Src/stm32f4xx_hal_flash_ramfunc.o
LOAD Drivers/STM32F4xx_HAL_Driver/Src/stm32f4xx_hal_gpio.o
LOAD Drivers/STM32F4xx_HAL_Driver/Src/stm32f4xx_hal_hcd.o
LOAD Drivers/STM32F4xx_HAL_Driver/Src/stm32f4xx_hal_i2c.o
LOAD Drivers/STM32F4xx_HAL_Driver/Src/stm32f4xx_hal_i2c_ex.o
LOAD Drivers/STM32F4xx_HAL_Driver/Src/stm32f4xx_hal_ltdc.o
LOAD Drivers/STM32F4xx_HAL_Driver/Src/stm32f4xx_hal_ltdc_ex.o
LOAD Drivers/STM32F4xx_HAL_Driver/Src/stm32f4xx_hal_pwr.o
LOAD Drivers/STM32F4xx_HAL_Driver/Src/stm32f4xx_hal_pwr_ex.o
LOAD Drivers/STM32F4xx_HAL_Driver/Src/stm32f4xx_hal_rcc.o
LOAD Drivers/STM32F4xx_HAL_Driver/Src/stm32f4xx_hal_rcc_ex.o
LOAD Drivers/STM32F4xx_HAL_Driver/Src/stm32f4xx_hal_sdram.o
LOAD Drivers/STM32F4xx_HAL_Driver/Src/stm32f4xx_hal_spi.o
LOAD Drivers/STM32F4xx_HAL_Driver/Src/stm32f4xx_hal_tim.o
LOAD Drivers/STM32F4xx_HAL_Driver/Src/stm32f4xx_hal_tim_ex.o
LOAD Drivers/STM32F4xx_HAL_Driver/Src/stm32f4xx_hal_uart.o
LOAD Drivers/STM32F4xx_HAL_Driver/Src/stm32f4xx_ll_fmc.o
LOAD Drivers/STM32F4xx_HAL_Driver/Src/stm32f4xx_ll_usb.o
LOAD Middlewares/Third_Party/FreeRTOS/Source/CMSIS_RTOS/cmsis_os.o
LOAD Middlewares/Third_Party/FreeRTOS/Source/croutine.o
LOAD Middlewares/Third_Party/FreeRTOS/Source/event_groups.o
LOAD Middlewares/Third_Party/FreeRTOS/Source/list.o
LOAD Middlewares/Third_Party/FreeRTOS/Source/queue.o
LOAD Middlewares/Third_Party/FreeRTOS/Source/stream_buffer.o
LOAD Middlewares/Third_Party/FreeRTOS/Source/tasks.o
LOAD Middlewares/Third_Party/FreeRTOS/Source/timers.o
LOAD Middlewares/Third_Party/FreeRTOS/Source/portable/GCC/ARM_CM4F/port.o
LOAD Middlewares/Third_Party/FreeRTOS/Source/portable/MemMang/heap_4.o
START GROUP
LOAD c:/st/stm32cubeide_1.3.0/stm32cubeide/plugins/com.st.stm32cube.ide.mcu.externaltools.gnu-tools-for-stm32.7-2018-q2-update.win32_1.0.0.201904181610/tools/bin/../lib/gcc/arm-none-eabi/7.3.1/../../../../arm-none-eabi/lib/thumb/v7e-m/fpv4-sp/hard\libc_nano.a
LOAD c:/st/stm32cubeide_1.3.0/stm32cubeide/plugins/com.st.stm32cube.ide.mcu.externaltools.gnu-tools-for-stm32.7-2018-q2-update.win32_1.0.0.201904181610/tools/bin/../lib/gcc/arm-none-eabi/7.3.1/../../../../arm-none-eabi/lib/thumb/v7e-m/fpv4-sp/hard\libm.a
END GROUP
START GROUP
LOAD c:/st/stm32cubeide_1.3.0/stm32cubeide/plugins/com.st.stm32cube.ide.mcu.externaltools.gnu-tools-for-stm32.7-2018-q2-update.win32_1.0.0.201904181610/tools/bin/../lib/gcc/arm-none-eabi/7.3.1/thumb/v7e-m/fpv4-sp/hard\libgcc.a
LOAD c:/st/stm32cubeide_1.3.0/stm32cubeide/plugins/com.st.stm32cube.ide.mcu.externaltools.gnu-tools-for-stm32.7-2018-q2-update.win32_1.0.0.201904181610/tools/bin/../lib/gcc/arm-none-eabi/7.3.1/../../../../arm-none-eabi/lib/thumb/v7e-m/fpv4-sp/hard\libc_nano.a
END GROUP
START GROUP
LOAD c:/st/stm32cubeide_1.3.0/stm32cubeide/plugins/com.st.stm32cube.ide.mcu.externaltools.gnu-tools-for-stm32.7-2018-q2-update.win32_1.0.0.201904181610/tools/bin/../lib/gcc/arm-none-eabi/7.3.1/thumb/v7e-m/fpv4-sp/hard\libgcc.a
LOAD c:/st/stm32cubeide_1.3.0/stm32cubeide/plugins/com.st.stm32cube.ide.mcu.externaltools.gnu-tools-for-stm32.7-2018-q2-update.win32_1.0.0.201904181610/tools/bin/../lib/gcc/arm-none-eabi/7.3.1/../../../../arm-none-eabi/lib/thumb/v7e-m/fpv4-sp/hard\libc_nano.a
LOAD c:/st/stm32cubeide_1.3.0/stm32cubeide/plugins/com.st.stm32cube.ide.mcu.externaltools.gnu-tools-for-stm32.7-2018-q2-update.win32_1.0.0.201904181610/tools/bin/../lib/gcc/arm-none-eabi/7.3.1/../../../../arm-none-eabi/lib/thumb/v7e-m/fpv4-sp/hard\libnosys.a
END GROUP
START GROUP
LOAD c:/st/stm32cubeide_1.3.0/stm32cubeide/plugins/com.st.stm32cube.ide.mcu.externaltools.gnu-tools-for-stm32.7-2018-q2-update.win32_1.0.0.201904181610/tools/bin/../lib/gcc/arm-none-eabi/7.3.1/thumb/v7e-m/fpv4-sp/hard\libgcc.a
LOAD c:/st/stm32cubeide_1.3.0/stm32cubeide/plugins/com.st.stm32cube.ide.mcu.externaltools.gnu-tools-for-stm32.7-2018-q2-update.win32_1.0.0.201904181610/tools/bin/../lib/gcc/arm-none-eabi/7.3.1/../../../../arm-none-eabi/lib/thumb/v7e-m/fpv4-sp/hard\libc_nano.a
LOAD c:/st/stm32cubeide_1.3.0/stm32cubeide/plugins/com.st.stm32cube.ide.mcu.externaltools.gnu-tools-for-stm32.7-2018-q2-update.win32_1.0.0.201904181610/tools/bin/../lib/gcc/arm-none-eabi/7.3.1/../../../../arm-none-eabi/lib/thumb/v7e-m/fpv4-sp/hard\libnosys.a
END GROUP
LOAD c:/st/stm32cubeide_1.3.0/stm32cubeide/plugins/com.st.stm32cube.ide.mcu.externaltools.gnu-tools-for-stm32.7-2018-q2-update.win32_1.0.0.201904181610/tools/bin/../lib/gcc/arm-none-eabi/7.3.1/thumb/v7e-m/fpv4-sp/hard/crtend.o
LOAD c:/st/stm32cubeide_1.3.0/stm32cubeide/plugins/com.st.stm32cube.ide.mcu.externaltools.gnu-tools-for-stm32.7-2018-q2-update.win32_1.0.0.201904181610/tools/bin/../lib/gcc/arm-none-eabi/7.3.1/thumb/v7e-m/fpv4-sp/hard/crtn.o
                0x0000000020030000                _estack = (ORIGIN (RAM) + LENGTH (RAM))
                0x0000000000000200                _Min_Heap_Size = 0x200
                0x0000000000000400                _Min_Stack_Size = 0x400

.isr_vector     0x0000000008000000      0x1ac
                0x0000000008000000                . = ALIGN (0x4)
 *(.isr_vector)
 .isr_vector    0x0000000008000000      0x1ac Core/Startup/startup_stm32f429zitx.o
                0x0000000008000000                g_pfnVectors
                0x00000000080001ac                . = ALIGN (0x4)

.text           0x00000000080001b0     0x5e28
                0x00000000080001b0                . = ALIGN (0x4)
 *(.text)
 .text          0x00000000080001b0       0x40 c:/st/stm32cubeide_1.3.0/stm32cubeide/plugins/com.st.stm32cube.ide.mcu.externaltools.gnu-tools-for-stm32.7-2018-q2-update.win32_1.0.0.201904181610/tools/bin/../lib/gcc/arm-none-eabi/7.3.1/thumb/v7e-m/fpv4-sp/hard/crtbegin.o
 .text          0x00000000080001f0       0xa0 c:/st/stm32cubeide_1.3.0/stm32cubeide/plugins/com.st.stm32cube.ide.mcu.externaltools.gnu-tools-for-stm32.7-2018-q2-update.win32_1.0.0.201904181610/tools/bin/../lib/gcc/arm-none-eabi/7.3.1/../../../../arm-none-eabi/lib/thumb/v7e-m/fpv4-sp/hard\libc_nano.a(lib_a-memchr.o)
                0x00000000080001f0                memchr
 .text          0x0000000008000290       0x30 c:/st/stm32cubeide_1.3.0/stm32cubeide/plugins/com.st.stm32cube.ide.mcu.externaltools.gnu-tools-for-stm32.7-2018-q2-update.win32_1.0.0.201904181610/tools/bin/../lib/gcc/arm-none-eabi/7.3.1/thumb/v7e-m/fpv4-sp/hard\libgcc.a(_aeabi_uldivmod.o)
                0x0000000008000290                __aeabi_uldivmod
 .text          0x00000000080002c0      0x2cc c:/st/stm32cubeide_1.3.0/stm32cubeide/plugins/com.st.stm32cube.ide.mcu.externaltools.gnu-tools-for-stm32.7-2018-q2-update.win32_1.0.0.201904181610/tools/bin/../lib/gcc/arm-none-eabi/7.3.1/thumb/v7e-m/fpv4-sp/hard\libgcc.a(_udivmoddi4.o)
                0x00000000080002c0                __udivmoddi4
 .text          0x000000000800058c        0x4 c:/st/stm32cubeide_1.3.0/stm32cubeide/plugins/com.st.stm32cube.ide.mcu.externaltools.gnu-tools-for-stm32.7-2018-q2-update.win32_1.0.0.201904181610/tools/bin/../lib/gcc/arm-none-eabi/7.3.1/thumb/v7e-m/fpv4-sp/hard\libgcc.a(_dvmd_tls.o)
                0x000000000800058c                __aeabi_idiv0
                0x000000000800058c                __aeabi_ldiv0
 *(.text*)
 .text.sh_help  0x0000000008000590       0x38 Core/Src/Shell.o
                0x0000000008000590                sh_help
 .text.uart_read
                0x00000000080005c8       0x1c Core/Src/Shell.o
                0x00000000080005c8                uart_read
 .text.uart_write
                0x00000000080005e4       0x1c Core/Src/Shell.o
                0x00000000080005e4                uart_write
 .text.shell_add
                0x0000000008000600       0x30 Core/Src/Shell.o
                0x0000000008000600                shell_add
 .text.shell_init
                0x0000000008000630       0x34 Core/Src/Shell.o
                0x0000000008000630                shell_init
 .text.shell_exec
                0x0000000008000664       0x70 Core/Src/Shell.o
                0x0000000008000664                shell_exec
 .text.shell_run
                0x00000000080006d4       0x90 Core/Src/Shell.o
                0x00000000080006d4                shell_run
 .text.MX_CRC_Init
                0x0000000008000764       0x20 Core/Src/crc.o
                0x0000000008000764                MX_CRC_Init
 .text.HAL_CRC_MspInit
                0x0000000008000784       0x30 Core/Src/crc.o
                0x0000000008000784                HAL_CRC_MspInit
 .text.MX_DMA2D_Init
                0x00000000080007b4       0x40 Core/Src/dma2d.o
                0x00000000080007b4                MX_DMA2D_Init
 .text.HAL_DMA2D_MspInit
                0x00000000080007f4       0x44 Core/Src/dma2d.o
                0x00000000080007f4                HAL_DMA2D_MspInit
 .text.MX_FMC_Init
                0x0000000008000838       0x64 Core/Src/fmc.o
                0x0000000008000838                MX_FMC_Init
 .text.HAL_SDRAM_MspInit
                0x000000000800089c       0xe0 Core/Src/fmc.o
                0x000000000800089c                HAL_SDRAM_MspInit
 .text.StartDefaultTask
                0x000000000800097c        0xa Core/Src/freertos.o
                0x000000000800097c                StartDefaultTask
 *fill*         0x0000000008000986        0x2 
 .text.vApplicationGetIdleTaskMemory
                0x0000000008000988       0x18 Core/Src/freertos.o
                0x0000000008000988                vApplicationGetIdleTaskMemory
 .text.MX_FREERTOS_Init
                0x00000000080009a0       0x2c Core/Src/freertos.o
                0x00000000080009a0                MX_FREERTOS_Init
 .text.MX_GPIO_Init
                0x00000000080009cc      0x1c8 Core/Src/gpio.o
                0x00000000080009cc                MX_GPIO_Init
 .text.MX_I2C3_Init
                0x0000000008000b94       0x58 Core/Src/i2c.o
                0x0000000008000b94                MX_I2C3_Init
 .text.HAL_I2C_MspInit
                0x0000000008000bec       0xa4 Core/Src/i2c.o
                0x0000000008000bec                HAL_I2C_MspInit
 .text.MX_LTDC_Init
                0x0000000008000c90       0xac Core/Src/ltdc.o
                0x0000000008000c90                MX_LTDC_Init
 .text.HAL_LTDC_MspInit
                0x0000000008000d3c      0x18c Core/Src/ltdc.o
                0x0000000008000d3c                HAL_LTDC_MspInit
 .text.FctBidon
                0x0000000008000ec8       0x20 Core/Src/main.o
                0x0000000008000ec8                FctBidon
 .text.__io_putchar
                0x0000000008000ee8       0x20 Core/Src/main.o
                0x0000000008000ee8                __io_putchar
 .text.SystemClock_Config
                0x0000000008000f08       0xb4 Core/Src/main.o
                0x0000000008000f08                SystemClock_Config
 .text.startup.main
                0x0000000008000fbc      0x168 Core/Src/main.o
                0x0000000008000fbc                main
 .text.HAL_TIM_PeriodElapsedCallback
                0x0000000008001124       0x14 Core/Src/main.o
                0x0000000008001124                HAL_TIM_PeriodElapsedCallback
 .text.Error_Handler
                0x0000000008001138        0x2 Core/Src/main.o
                0x0000000008001138                Error_Handler
 *fill*         0x000000000800113a        0x2 
 .text.MX_SPI5_Init
                0x000000000800113c       0x44 Core/Src/spi.o
                0x000000000800113c                MX_SPI5_Init
 .text.HAL_SPI_MspInit
                0x0000000008001180       0x68 Core/Src/spi.o
                0x0000000008001180                HAL_SPI_MspInit
 .text.HAL_MspInit
                0x00000000080011e8       0x40 Core/Src/stm32f4xx_hal_msp.o
                0x00000000080011e8                HAL_MspInit
 .text.HAL_InitTick
                0x0000000008001228       0x7c Core/Src/stm32f4xx_hal_timebase_tim.o
                0x0000000008001228                HAL_InitTick
 .text.NMI_Handler
                0x00000000080012a4        0x2 Core/Src/stm32f4xx_it.o
                0x00000000080012a4                NMI_Handler
 .text.HardFault_Handler
                0x00000000080012a6        0x2 Core/Src/stm32f4xx_it.o
                0x00000000080012a6                HardFault_Handler
 .text.MemManage_Handler
                0x00000000080012a8        0x2 Core/Src/stm32f4xx_it.o
                0x00000000080012a8                MemManage_Handler
 .text.BusFault_Handler
                0x00000000080012aa        0x2 Core/Src/stm32f4xx_it.o
                0x00000000080012aa                BusFault_Handler
 .text.UsageFault_Handler
                0x00000000080012ac        0x2 Core/Src/stm32f4xx_it.o
                0x00000000080012ac                UsageFault_Handler
 .text.DebugMon_Handler
                0x00000000080012ae        0x2 Core/Src/stm32f4xx_it.o
                0x00000000080012ae                DebugMon_Handler
 .text.EXTI0_IRQHandler
                0x00000000080012b0       0x1c Core/Src/stm32f4xx_it.o
                0x00000000080012b0                EXTI0_IRQHandler
 .text.TIM2_IRQHandler
                0x00000000080012cc       0x38 Core/Src/stm32f4xx_it.o
                0x00000000080012cc                TIM2_IRQHandler
 .text.USART1_IRQHandler
                0x0000000008001304       0x20 Core/Src/stm32f4xx_it.o
                0x0000000008001304                USART1_IRQHandler
 .text.TIM6_DAC_IRQHandler
                0x0000000008001324        0xc Core/Src/stm32f4xx_it.o
                0x0000000008001324                TIM6_DAC_IRQHandler
 .text.OTG_HS_IRQHandler
                0x0000000008001330        0xc Core/Src/stm32f4xx_it.o
                0x0000000008001330                OTG_HS_IRQHandler
 .text.LTDC_IRQHandler
                0x000000000800133c        0xc Core/Src/stm32f4xx_it.o
                0x000000000800133c                LTDC_IRQHandler
 .text.DMA2D_IRQHandler
                0x0000000008001348        0xc Core/Src/stm32f4xx_it.o
                0x0000000008001348                DMA2D_IRQHandler
 .text._read    0x0000000008001354       0x1c Core/Src/syscalls.o
                0x0000000008001354                _read
 .text._write   0x0000000008001370       0x1c Core/Src/syscalls.o
                0x0000000008001370                _write
 .text._close   0x000000000800138c        0x6 Core/Src/syscalls.o
                0x000000000800138c                _close
 .text._fstat   0x0000000008001392        0xa Core/Src/syscalls.o
                0x0000000008001392                _fstat
 .text._isatty  0x000000000800139c        0x4 Core/Src/syscalls.o
                0x000000000800139c                _isatty
 .text._lseek   0x00000000080013a0        0x4 Core/Src/syscalls.o
                0x00000000080013a0                _lseek
 .text._sbrk    0x00000000080013a4       0x34 Core/Src/sysmem.o
                0x00000000080013a4                _sbrk
 .text.SystemInit
                0x00000000080013d8       0x1c Core/Src/system_stm32f4xx.o
                0x00000000080013d8                SystemInit
 .text.MX_TIM1_Init
                0x00000000080013f4       0x64 Core/Src/tim.o
                0x00000000080013f4                MX_TIM1_Init
 .text.MX_TIM2_Init
                0x0000000008001458       0x68 Core/Src/tim.o
                0x0000000008001458                MX_TIM2_Init
 .text.HAL_TIM_Base_MspInit
                0x00000000080014c0       0x64 Core/Src/tim.o
                0x00000000080014c0                HAL_TIM_Base_MspInit
 .text.MX_USART1_UART_Init
                0x0000000008001524       0x38 Core/Src/usart.o
                0x0000000008001524                MX_USART1_UART_Init
 .text.HAL_UART_MspInit
                0x000000000800155c       0x7c Core/Src/usart.o
                0x000000000800155c                HAL_UART_MspInit
 .text.MX_USB_OTG_HS_HCD_Init
                0x00000000080015d8       0x38 Core/Src/usb_otg.o
                0x00000000080015d8                MX_USB_OTG_HS_HCD_Init
 .text.HAL_HCD_MspInit
                0x0000000008001610       0x90 Core/Src/usb_otg.o
                0x0000000008001610                HAL_HCD_MspInit
 .text.Reset_Handler
                0x00000000080016a0       0x50 Core/Startup/startup_stm32f429zitx.o
                0x00000000080016a0                Reset_Handler
 .text.Default_Handler
                0x00000000080016f0        0x2 Core/Startup/startup_stm32f429zitx.o
                0x00000000080016f0                RTC_Alarm_IRQHandler
                0x00000000080016f0                HASH_RNG_IRQHandler
                0x00000000080016f0                EXTI2_IRQHandler
                0x00000000080016f0                TIM8_CC_IRQHandler
                0x00000000080016f0                UART8_IRQHandler
                0x00000000080016f0                SPI4_IRQHandler
                0x00000000080016f0                TIM1_CC_IRQHandler
                0x00000000080016f0                DMA2_Stream5_IRQHandler
                0x00000000080016f0                DMA1_Stream5_IRQHandler
                0x00000000080016f0                PVD_IRQHandler
                0x00000000080016f0                SDIO_IRQHandler
                0x00000000080016f0                TAMP_STAMP_IRQHandler
                0x00000000080016f0                CAN2_RX1_IRQHandler
                0x00000000080016f0                EXTI3_IRQHandler
                0x00000000080016f0                TIM8_TRG_COM_TIM14_IRQHandler
                0x00000000080016f0                TIM1_UP_TIM10_IRQHandler
                0x00000000080016f0                TIM8_UP_TIM13_IRQHandler
                0x00000000080016f0                I2C3_ER_IRQHandler
                0x00000000080016f0                I2C2_EV_IRQHandler
                0x00000000080016f0                DMA1_Stream2_IRQHandler
                0x00000000080016f0                CAN1_RX0_IRQHandler
                0x00000000080016f0                FPU_IRQHandler
                0x00000000080016f0                OTG_HS_WKUP_IRQHandler
                0x00000000080016f0                LTDC_ER_IRQHandler
                0x00000000080016f0                CAN2_SCE_IRQHandler
                0x00000000080016f0                DMA2_Stream2_IRQHandler
                0x00000000080016f0                SPI1_IRQHandler
                0x00000000080016f0                TIM1_BRK_TIM9_IRQHandler
                0x00000000080016f0                DCMI_IRQHandler
                0x00000000080016f0                CAN2_RX0_IRQHandler
                0x00000000080016f0                DMA2_Stream3_IRQHandler
                0x00000000080016f0                USART6_IRQHandler
                0x00000000080016f0                USART3_IRQHandler
                0x00000000080016f0                CAN1_RX1_IRQHandler
                0x00000000080016f0                UART5_IRQHandler
                0x00000000080016f0                DMA2_Stream0_IRQHandler
                0x00000000080016f0                TIM4_IRQHandler
                0x00000000080016f0                I2C1_EV_IRQHandler
                0x00000000080016f0                DMA1_Stream6_IRQHandler
                0x00000000080016f0                DMA1_Stream1_IRQHandler
                0x00000000080016f0                UART4_IRQHandler
                0x00000000080016f0                TIM3_IRQHandler
                0x00000000080016f0                RCC_IRQHandler
                0x00000000080016f0                TIM8_BRK_TIM12_IRQHandler
                0x00000000080016f0                Default_Handler
                0x00000000080016f0                EXTI15_10_IRQHandler
                0x00000000080016f0                ADC_IRQHandler
                0x00000000080016f0                DMA1_Stream7_IRQHandler
                0x00000000080016f0                SPI5_IRQHandler
                0x00000000080016f0                TIM7_IRQHandler
                0x00000000080016f0                CAN2_TX_IRQHandler
                0x00000000080016f0                TIM5_IRQHandler
                0x00000000080016f0                DMA2_Stream7_IRQHandler
                0x00000000080016f0                I2C3_EV_IRQHandler
                0x00000000080016f0                EXTI9_5_IRQHandler
                0x00000000080016f0                RTC_WKUP_IRQHandler
                0x00000000080016f0                ETH_WKUP_IRQHandler
                0x00000000080016f0                SPI2_IRQHandler
                0x00000000080016f0                OTG_HS_EP1_IN_IRQHandler
                0x00000000080016f0                DMA1_Stream0_IRQHandler
                0x00000000080016f0                CAN1_TX_IRQHandler
                0x00000000080016f0                EXTI4_IRQHandler
                0x00000000080016f0                ETH_IRQHandler
                0x00000000080016f0                OTG_HS_EP1_OUT_IRQHandler
                0x00000000080016f0                WWDG_IRQHandler
                0x00000000080016f0                SPI6_IRQHandler
                0x00000000080016f0                OTG_FS_WKUP_IRQHandler
                0x00000000080016f0                TIM1_TRG_COM_TIM11_IRQHandler
                0x00000000080016f0                EXTI1_IRQHandler
                0x00000000080016f0                UART7_IRQHandler
                0x00000000080016f0                USART2_IRQHandler
                0x00000000080016f0                I2C2_ER_IRQHandler
                0x00000000080016f0                DMA2_Stream1_IRQHandler
                0x00000000080016f0                CAN1_SCE_IRQHandler
                0x00000000080016f0                FLASH_IRQHandler
                0x00000000080016f0                DMA2_Stream4_IRQHandler
                0x00000000080016f0                OTG_FS_IRQHandler
                0x00000000080016f0                SPI3_IRQHandler
                0x00000000080016f0                DMA1_Stream4_IRQHandler
                0x00000000080016f0                I2C1_ER_IRQHandler
                0x00000000080016f0                FMC_IRQHandler
                0x00000000080016f0                DMA2_Stream6_IRQHandler
                0x00000000080016f0                SAI1_IRQHandler
                0x00000000080016f0                DMA1_Stream3_IRQHandler
 *fill*         0x00000000080016f2        0x2 
 .text.HAL_Init
                0x00000000080016f4       0x34 Drivers/STM32F4xx_HAL_Driver/Src/stm32f4xx_hal.o
                0x00000000080016f4                HAL_Init
 .text.HAL_IncTick
                0x0000000008001728       0x18 Drivers/STM32F4xx_HAL_Driver/Src/stm32f4xx_hal.o
                0x0000000008001728                HAL_IncTick
 .text.HAL_GetTick
                0x0000000008001740        0xc Drivers/STM32F4xx_HAL_Driver/Src/stm32f4xx_hal.o
                0x0000000008001740                HAL_GetTick
 .text.HAL_Delay
                0x000000000800174c       0x28 Drivers/STM32F4xx_HAL_Driver/Src/stm32f4xx_hal.o
                0x000000000800174c                HAL_Delay
 .text.HAL_NVIC_SetPriorityGrouping
                0x0000000008001774       0x24 Drivers/STM32F4xx_HAL_Driver/Src/stm32f4xx_hal_cortex.o
                0x0000000008001774                HAL_NVIC_SetPriorityGrouping
 .text.HAL_NVIC_SetPriority
                0x0000000008001798       0x68 Drivers/STM32F4xx_HAL_Driver/Src/stm32f4xx_hal_cortex.o
                0x0000000008001798                HAL_NVIC_SetPriority
 .text.HAL_NVIC_EnableIRQ
                0x0000000008001800       0x1c Drivers/STM32F4xx_HAL_Driver/Src/stm32f4xx_hal_cortex.o
                0x0000000008001800                HAL_NVIC_EnableIRQ
 .text.HAL_CRC_Init
                0x000000000800181c       0x20 Drivers/STM32F4xx_HAL_Driver/Src/stm32f4xx_hal_crc.o
                0x000000000800181c                HAL_CRC_Init
 .text.HAL_DMA_Abort_IT
                0x000000000800183c       0x24 Drivers/STM32F4xx_HAL_Driver/Src/stm32f4xx_hal_dma.o
                0x000000000800183c                HAL_DMA_Abort_IT
 .text.HAL_DMA2D_Init
                0x0000000008001860       0x58 Drivers/STM32F4xx_HAL_Driver/Src/stm32f4xx_hal_dma2d.o
                0x0000000008001860                HAL_DMA2D_Init
 .text.HAL_DMA2D_LineEventCallback
                0x00000000080018b8        0x2 Drivers/STM32F4xx_HAL_Driver/Src/stm32f4xx_hal_dma2d.o
                0x00000000080018b8                HAL_DMA2D_LineEventCallback
 .text.HAL_DMA2D_CLUTLoadingCpltCallback
                0x00000000080018ba        0x2 Drivers/STM32F4xx_HAL_Driver/Src/stm32f4xx_hal_dma2d.o
                0x00000000080018ba                HAL_DMA2D_CLUTLoadingCpltCallback
 .text.HAL_DMA2D_IRQHandler
                0x00000000080018bc      0x114 Drivers/STM32F4xx_HAL_Driver/Src/stm32f4xx_hal_dma2d.o
                0x00000000080018bc                HAL_DMA2D_IRQHandler
 .text.HAL_DMA2D_ConfigLayer
                0x00000000080019d0       0x94 Drivers/STM32F4xx_HAL_Driver/Src/stm32f4xx_hal_dma2d.o
                0x00000000080019d0                HAL_DMA2D_ConfigLayer
 .text.HAL_GPIO_Init
                0x0000000008001a64      0x1d8 Drivers/STM32F4xx_HAL_Driver/Src/stm32f4xx_hal_gpio.o
                0x0000000008001a64                HAL_GPIO_Init
 .text.HAL_GPIO_ReadPin
                0x0000000008001c3c        0xc Drivers/STM32F4xx_HAL_Driver/Src/stm32f4xx_hal_gpio.o
                0x0000000008001c3c                HAL_GPIO_ReadPin
 .text.HAL_GPIO_WritePin
                0x0000000008001c48        0xa Drivers/STM32F4xx_HAL_Driver/Src/stm32f4xx_hal_gpio.o
                0x0000000008001c48                HAL_GPIO_WritePin
 .text.HAL_GPIO_TogglePin
                0x0000000008001c52        0xe Drivers/STM32F4xx_HAL_Driver/Src/stm32f4xx_hal_gpio.o
                0x0000000008001c52                HAL_GPIO_TogglePin
 .text.HAL_GPIO_EXTI_Callback
                0x0000000008001c60        0x2 Drivers/STM32F4xx_HAL_Driver/Src/stm32f4xx_hal_gpio.o
                0x0000000008001c60                HAL_GPIO_EXTI_Callback
 *fill*         0x0000000008001c62        0x2 
 .text.HAL_GPIO_EXTI_IRQHandler
                0x0000000008001c64       0x18 Drivers/STM32F4xx_HAL_Driver/Src/stm32f4xx_hal_gpio.o
                0x0000000008001c64                HAL_GPIO_EXTI_IRQHandler
 .text.HAL_HCD_Init
                0x0000000008001c7c       0x94 Drivers/STM32F4xx_HAL_Driver/Src/stm32f4xx_hal_hcd.o
                0x0000000008001c7c                HAL_HCD_Init
 .text.HAL_HCD_SOF_Callback
                0x0000000008001d10        0x2 Drivers/STM32F4xx_HAL_Driver/Src/stm32f4xx_hal_hcd.o
                0x0000000008001d10                HAL_HCD_SOF_Callback
 .text.HAL_HCD_Connect_Callback
                0x0000000008001d12        0x2 Drivers/STM32F4xx_HAL_Driver/Src/stm32f4xx_hal_hcd.o
                0x0000000008001d12                HAL_HCD_Connect_Callback
 .text.HAL_HCD_Disconnect_Callback
                0x0000000008001d14        0x2 Drivers/STM32F4xx_HAL_Driver/Src/stm32f4xx_hal_hcd.o
                0x0000000008001d14                HAL_HCD_Disconnect_Callback
 .text.HAL_HCD_PortEnabled_Callback
                0x0000000008001d16        0x2 Drivers/STM32F4xx_HAL_Driver/Src/stm32f4xx_hal_hcd.o
                0x0000000008001d16                HAL_HCD_PortEnabled_Callback
 .text.HAL_HCD_PortDisabled_Callback
                0x0000000008001d18        0x2 Drivers/STM32F4xx_HAL_Driver/Src/stm32f4xx_hal_hcd.o
                0x0000000008001d18                HAL_HCD_PortDisabled_Callback
 .text.HAL_HCD_HC_NotifyURBChange_Callback
                0x0000000008001d1a        0x2 Drivers/STM32F4xx_HAL_Driver/Src/stm32f4xx_hal_hcd.o
                0x0000000008001d1a                HAL_HCD_HC_NotifyURBChange_Callback
 .text.HAL_HCD_IRQHandler
                0x0000000008001d1c      0x60c Drivers/STM32F4xx_HAL_Driver/Src/stm32f4xx_hal_hcd.o
                0x0000000008001d1c                HAL_HCD_IRQHandler
 .text.HAL_I2C_Init
                0x0000000008002328      0x158 Drivers/STM32F4xx_HAL_Driver/Src/stm32f4xx_hal_i2c.o
                0x0000000008002328                HAL_I2C_Init
 .text.HAL_I2CEx_ConfigAnalogFilter
                0x0000000008002480       0x3e Drivers/STM32F4xx_HAL_Driver/Src/stm32f4xx_hal_i2c_ex.o
                0x0000000008002480                HAL_I2CEx_ConfigAnalogFilter
 .text.HAL_I2CEx_ConfigDigitalFilter
                0x00000000080024be       0x3e Drivers/STM32F4xx_HAL_Driver/Src/stm32f4xx_hal_i2c_ex.o
                0x00000000080024be                HAL_I2CEx_ConfigDigitalFilter
 .text.LTDC_SetConfig
                0x00000000080024fc      0x10c Drivers/STM32F4xx_HAL_Driver/Src/stm32f4xx_hal_ltdc.o
 .text.HAL_LTDC_Init
                0x0000000008002608       0xd8 Drivers/STM32F4xx_HAL_Driver/Src/stm32f4xx_hal_ltdc.o
                0x0000000008002608                HAL_LTDC_Init
 .text.HAL_LTDC_ErrorCallback
                0x00000000080026e0        0x2 Drivers/STM32F4xx_HAL_Driver/Src/stm32f4xx_hal_ltdc.o
                0x00000000080026e0                HAL_LTDC_ErrorCallback
 .text.HAL_LTDC_LineEventCallback
                0x00000000080026e2        0x2 Drivers/STM32F4xx_HAL_Driver/Src/stm32f4xx_hal_ltdc.o
                0x00000000080026e2                HAL_LTDC_LineEventCallback
 .text.HAL_LTDC_ReloadEventCallback
                0x00000000080026e4        0x2 Drivers/STM32F4xx_HAL_Driver/Src/stm32f4xx_hal_ltdc.o
                0x00000000080026e4                HAL_LTDC_ReloadEventCallback
 .text.HAL_LTDC_IRQHandler
                0x00000000080026e6       0xba Drivers/STM32F4xx_HAL_Driver/Src/stm32f4xx_hal_ltdc.o
                0x00000000080026e6                HAL_LTDC_IRQHandler
 .text.HAL_LTDC_ConfigLayer
                0x00000000080027a0       0x52 Drivers/STM32F4xx_HAL_Driver/Src/stm32f4xx_hal_ltdc.o
                0x00000000080027a0                HAL_LTDC_ConfigLayer
 *fill*         0x00000000080027f2        0x2 
 .text.HAL_RCC_OscConfig
                0x00000000080027f4      0x34c Drivers/STM32F4xx_HAL_Driver/Src/stm32f4xx_hal_rcc.o
                0x00000000080027f4                HAL_RCC_OscConfig
 .text.HAL_RCC_GetSysClockFreq
                0x0000000008002b40       0x5c Drivers/STM32F4xx_HAL_Driver/Src/stm32f4xx_hal_rcc.o
                0x0000000008002b40                HAL_RCC_GetSysClockFreq
 .text.HAL_RCC_ClockConfig
                0x0000000008002b9c      0x134 Drivers/STM32F4xx_HAL_Driver/Src/stm32f4xx_hal_rcc.o
                0x0000000008002b9c                HAL_RCC_ClockConfig
 .text.HAL_RCC_GetPCLK1Freq
                0x0000000008002cd0       0x20 Drivers/STM32F4xx_HAL_Driver/Src/stm32f4xx_hal_rcc.o
                0x0000000008002cd0                HAL_RCC_GetPCLK1Freq
 .text.HAL_RCC_GetPCLK2Freq
                0x0000000008002cf0       0x20 Drivers/STM32F4xx_HAL_Driver/Src/stm32f4xx_hal_rcc.o
                0x0000000008002cf0                HAL_RCC_GetPCLK2Freq
 .text.HAL_RCC_GetClockConfig
                0x0000000008002d10       0x3c Drivers/STM32F4xx_HAL_Driver/Src/stm32f4xx_hal_rcc.o
                0x0000000008002d10                HAL_RCC_GetClockConfig
 .text.HAL_RCCEx_PeriphCLKConfig
                0x0000000008002d4c      0x254 Drivers/STM32F4xx_HAL_Driver/Src/stm32f4xx_hal_rcc_ex.o
                0x0000000008002d4c                HAL_RCCEx_PeriphCLKConfig
 .text.HAL_SDRAM_Init
                0x0000000008002fa0       0x40 Drivers/STM32F4xx_HAL_Driver/Src/stm32f4xx_hal_sdram.o
                0x0000000008002fa0                HAL_SDRAM_Init
 .text.HAL_SPI_Init
                0x0000000008002fe0       0x7a Drivers/STM32F4xx_HAL_Driver/Src/stm32f4xx_hal_spi.o
                0x0000000008002fe0                HAL_SPI_Init
 .text.HAL_TIM_Base_Start_IT
                0x000000000800305a       0x20 Drivers/STM32F4xx_HAL_Driver/Src/stm32f4xx_hal_tim.o
                0x000000000800305a                HAL_TIM_Base_Start_IT
 .text.HAL_TIM_OC_DelayElapsedCallback
                0x000000000800307a        0x2 Drivers/STM32F4xx_HAL_Driver/Src/stm32f4xx_hal_tim.o
                0x000000000800307a                HAL_TIM_OC_DelayElapsedCallback
 .text.HAL_TIM_IC_CaptureCallback
                0x000000000800307c        0x2 Drivers/STM32F4xx_HAL_Driver/Src/stm32f4xx_hal_tim.o
                0x000000000800307c                HAL_TIM_IC_CaptureCallback
 .text.HAL_TIM_PWM_PulseFinishedCallback
                0x000000000800307e        0x2 Drivers/STM32F4xx_HAL_Driver/Src/stm32f4xx_hal_tim.o
                0x000000000800307e                HAL_TIM_PWM_PulseFinishedCallback
 .text.HAL_TIM_TriggerCallback
                0x0000000008003080        0x2 Drivers/STM32F4xx_HAL_Driver/Src/stm32f4xx_hal_tim.o
                0x0000000008003080                HAL_TIM_TriggerCallback
 .text.HAL_TIM_IRQHandler
                0x0000000008003082      0x144 Drivers/STM32F4xx_HAL_Driver/Src/stm32f4xx_hal_tim.o
                0x0000000008003082                HAL_TIM_IRQHandler
 *fill*         0x00000000080031c6        0x2 
 .text.TIM_Base_SetConfig
                0x00000000080031c8       0xcc Drivers/STM32F4xx_HAL_Driver/Src/stm32f4xx_hal_tim.o
                0x00000000080031c8                TIM_Base_SetConfig
 .text.HAL_TIM_Base_Init
                0x0000000008003294       0x34 Drivers/STM32F4xx_HAL_Driver/Src/stm32f4xx_hal_tim.o
                0x0000000008003294                HAL_TIM_Base_Init
 .text.TIM_ETR_SetConfig
                0x00000000080032c8       0x14 Drivers/STM32F4xx_HAL_Driver/Src/stm32f4xx_hal_tim.o
                0x00000000080032c8                TIM_ETR_SetConfig
 .text.HAL_TIM_ConfigClockSource
                0x00000000080032dc      0x128 Drivers/STM32F4xx_HAL_Driver/Src/stm32f4xx_hal_tim.o
                0x00000000080032dc                HAL_TIM_ConfigClockSource
 .text.HAL_TIMEx_MasterConfigSynchronization
                0x0000000008003404       0x84 Drivers/STM32F4xx_HAL_Driver/Src/stm32f4xx_hal_tim_ex.o
                0x0000000008003404                HAL_TIMEx_MasterConfigSynchronization
 .text.HAL_TIMEx_CommutCallback
                0x0000000008003488        0x2 Drivers/STM32F4xx_HAL_Driver/Src/stm32f4xx_hal_tim_ex.o
                0x0000000008003488                HAL_TIMEx_CommutCallback
 .text.HAL_TIMEx_BreakCallback
                0x000000000800348a        0x2 Drivers/STM32F4xx_HAL_Driver/Src/stm32f4xx_hal_tim_ex.o
                0x000000000800348a                HAL_TIMEx_BreakCallback
 .text.UART_EndRxTransfer
                0x000000000800348c       0x1a Drivers/STM32F4xx_HAL_Driver/Src/stm32f4xx_hal_uart.o
 *fill*         0x00000000080034a6        0x2 
 .text.UART_SetConfig
                0x00000000080034a8       0xe0 Drivers/STM32F4xx_HAL_Driver/Src/stm32f4xx_hal_uart.o
 .text.UART_WaitOnFlagUntilTimeout.constprop.3
                0x0000000008003588       0x50 Drivers/STM32F4xx_HAL_Driver/Src/stm32f4xx_hal_uart.o
 .text.HAL_UART_Init
                0x00000000080035d8       0x5c Drivers/STM32F4xx_HAL_Driver/Src/stm32f4xx_hal_uart.o
                0x00000000080035d8                HAL_UART_Init
 .text.HAL_UART_Transmit
                0x0000000008003634       0xb8 Drivers/STM32F4xx_HAL_Driver/Src/stm32f4xx_hal_uart.o
                0x0000000008003634                HAL_UART_Transmit
 .text.HAL_UART_Receive_IT
                0x00000000080036ec       0x4e Drivers/STM32F4xx_HAL_Driver/Src/stm32f4xx_hal_uart.o
                0x00000000080036ec                HAL_UART_Receive_IT
 .text.HAL_UART_TxCpltCallback
                0x000000000800373a        0x2 Drivers/STM32F4xx_HAL_Driver/Src/stm32f4xx_hal_uart.o
                0x000000000800373a                HAL_UART_TxCpltCallback
 .text.HAL_UART_RxCpltCallback
                0x000000000800373c        0x2 Drivers/STM32F4xx_HAL_Driver/Src/stm32f4xx_hal_uart.o
                0x000000000800373c                HAL_UART_RxCpltCallback
 .text.UART_Receive_IT
                0x000000000800373e       0x76 Drivers/STM32F4xx_HAL_Driver/Src/stm32f4xx_hal_uart.o
 .text.HAL_UART_ErrorCallback
                0x00000000080037b4        0x2 Drivers/STM32F4xx_HAL_Driver/Src/stm32f4xx_hal_uart.o
                0x00000000080037b4                HAL_UART_ErrorCallback
 *fill*         0x00000000080037b6        0x2 
 .text.HAL_UART_IRQHandler
                0x00000000080037b8      0x144 Drivers/STM32F4xx_HAL_Driver/Src/stm32f4xx_hal_uart.o
                0x00000000080037b8                HAL_UART_IRQHandler
 .text.UART_DMAAbortOnError
                0x00000000080038fc       0x10 Drivers/STM32F4xx_HAL_Driver/Src/stm32f4xx_hal_uart.o
 .text.FMC_SDRAM_Init
                0x000000000800390c       0x6c Drivers/STM32F4xx_HAL_Driver/Src/stm32f4xx_ll_fmc.o
                0x000000000800390c                FMC_SDRAM_Init
 .text.FMC_SDRAM_Timing_Init
                0x0000000008003978       0x7a Drivers/STM32F4xx_HAL_Driver/Src/stm32f4xx_ll_fmc.o
                0x0000000008003978                FMC_SDRAM_Timing_Init
 *fill*         0x00000000080039f2        0x2 
 .text.USB_CoreReset
                0x00000000080039f4       0x30 Drivers/STM32F4xx_HAL_Driver/Src/stm32f4xx_ll_usb.o
 .text.USB_CoreInit
                0x0000000008003a24       0x80 Drivers/STM32F4xx_HAL_Driver/Src/stm32f4xx_ll_usb.o
                0x0000000008003a24                USB_CoreInit
 .text.USB_DisableGlobalInt
                0x0000000008003aa4        0xc Drivers/STM32F4xx_HAL_Driver/Src/stm32f4xx_ll_usb.o
                0x0000000008003aa4                USB_DisableGlobalInt
 .text.USB_SetCurrentMode
                0x0000000008003ab0       0x2e Drivers/STM32F4xx_HAL_Driver/Src/stm32f4xx_ll_usb.o
                0x0000000008003ab0                USB_SetCurrentMode
 *fill*         0x0000000008003ade        0x2 
 .text.USB_FlushTxFifo
                0x0000000008003ae0       0x24 Drivers/STM32F4xx_HAL_Driver/Src/stm32f4xx_ll_usb.o
                0x0000000008003ae0                USB_FlushTxFifo
 .text.USB_FlushRxFifo
                0x0000000008003b04       0x20 Drivers/STM32F4xx_HAL_Driver/Src/stm32f4xx_ll_usb.o
                0x0000000008003b04                USB_FlushRxFifo
 .text.USB_ReadPacket
                0x0000000008003b24       0x1c Drivers/STM32F4xx_HAL_Driver/Src/stm32f4xx_ll_usb.o
                0x0000000008003b24                USB_ReadPacket
 .text.USB_ReadInterrupts
                0x0000000008003b40        0x8 Drivers/STM32F4xx_HAL_Driver/Src/stm32f4xx_ll_usb.o
                0x0000000008003b40                USB_ReadInterrupts
 .text.USB_GetMode
                0x0000000008003b48        0x8 Drivers/STM32F4xx_HAL_Driver/Src/stm32f4xx_ll_usb.o
                0x0000000008003b48                USB_GetMode
 .text.USB_InitFSLSPClkSel
                0x0000000008003b50       0x38 Drivers/STM32F4xx_HAL_Driver/Src/stm32f4xx_ll_usb.o
                0x0000000008003b50                USB_InitFSLSPClkSel
 .text.USB_DriveVbus
                0x0000000008003b88       0x40 Drivers/STM32F4xx_HAL_Driver/Src/stm32f4xx_ll_usb.o
                0x0000000008003b88                USB_DriveVbus
 .text.USB_HostInit
                0x0000000008003bc8       0xe0 Drivers/STM32F4xx_HAL_Driver/Src/stm32f4xx_ll_usb.o
                0x0000000008003bc8                USB_HostInit
 .text.USB_HC_ReadInterrupt
                0x0000000008003ca8        0xa Drivers/STM32F4xx_HAL_Driver/Src/stm32f4xx_ll_usb.o
                0x0000000008003ca8                USB_HC_ReadInterrupt
 .text.USB_HC_Halt
                0x0000000008003cb2       0xa4 Drivers/STM32F4xx_HAL_Driver/Src/stm32f4xx_ll_usb.o
                0x0000000008003cb2                USB_HC_Halt
 .text.osKernelStart
                0x0000000008003d56        0xa Middlewares/Third_Party/FreeRTOS/Source/CMSIS_RTOS/cmsis_os.o
                0x0000000008003d56                osKernelStart
 .text.osThreadCreate
                0x0000000008003d60       0x50 Middlewares/Third_Party/FreeRTOS/Source/CMSIS_RTOS/cmsis_os.o
                0x0000000008003d60                osThreadCreate
 .text.osDelay  0x0000000008003db0       0x10 Middlewares/Third_Party/FreeRTOS/Source/CMSIS_RTOS/cmsis_os.o
                0x0000000008003db0                osDelay
 .text.vListInitialise
                0x0000000008003dc0       0x16 Middlewares/Third_Party/FreeRTOS/Source/list.o
                0x0000000008003dc0                vListInitialise
 .text.vListInitialiseItem
                0x0000000008003dd6        0x6 Middlewares/Third_Party/FreeRTOS/Source/list.o
                0x0000000008003dd6                vListInitialiseItem
 .text.vListInsertEnd
                0x0000000008003ddc       0x18 Middlewares/Third_Party/FreeRTOS/Source/list.o
                0x0000000008003ddc                vListInsertEnd
 .text.vListInsert
                0x0000000008003df4       0x2e Middlewares/Third_Party/FreeRTOS/Source/list.o
                0x0000000008003df4                vListInsert
 .text.uxListRemove
                0x0000000008003e22       0x22 Middlewares/Third_Party/FreeRTOS/Source/list.o
                0x0000000008003e22                uxListRemove
 .text.prvIsQueueEmpty
                0x0000000008003e44       0x16 Middlewares/Third_Party/FreeRTOS/Source/queue.o
 .text.prvUnlockQueue
                0x0000000008003e5a       0x70 Middlewares/Third_Party/FreeRTOS/Source/queue.o
 *fill*         0x0000000008003eca        0x2 
 .text.xQueueGenericReset
                0x0000000008003ecc       0x80 Middlewares/Third_Party/FreeRTOS/Source/queue.o
                0x0000000008003ecc                xQueueGenericReset
 .text.xQueueGenericCreate
                0x0000000008003f4c       0x48 Middlewares/Third_Party/FreeRTOS/Source/queue.o
                0x0000000008003f4c                xQueueGenericCreate
 .text.xQueueGiveFromISR
                0x0000000008003f94       0xa8 Middlewares/Third_Party/FreeRTOS/Source/queue.o
                0x0000000008003f94                xQueueGiveFromISR
 .text.xQueueSemaphoreTake
                0x000000000800403c      0x184 Middlewares/Third_Party/FreeRTOS/Source/queue.o
                0x000000000800403c                xQueueSemaphoreTake
 .text.prvAddNewTaskToReadyList
                0x00000000080041c0       0xfc Middlewares/Third_Party/FreeRTOS/Source/tasks.o
 .text.prvDeleteTCB
                0x00000000080042bc       0x36 Middlewares/Third_Party/FreeRTOS/Source/tasks.o
 *fill*         0x00000000080042f2        0x2 
 .text.prvIdleTask
                0x00000000080042f4       0x64 Middlewares/Third_Party/FreeRTOS/Source/tasks.o
 .text.prvResetNextTaskUnblockTime
                0x0000000008004358       0x24 Middlewares/Third_Party/FreeRTOS/Source/tasks.o
 .text.prvInitialiseNewTask.isra.2
                0x000000000800437c       0x8a Middlewares/Third_Party/FreeRTOS/Source/tasks.o
 *fill*         0x0000000008004406        0x2 
 .text.prvAddCurrentTaskToDelayedList
                0x0000000008004408       0x8c Middlewares/Third_Party/FreeRTOS/Source/tasks.o
 .text.xTaskCreateStatic
                0x0000000008004494       0x70 Middlewares/Third_Party/FreeRTOS/Source/tasks.o
                0x0000000008004494                xTaskCreateStatic
 .text.xTaskCreate
                0x0000000008004504       0x5a Middlewares/Third_Party/FreeRTOS/Source/tasks.o
                0x0000000008004504                xTaskCreate
 *fill*         0x000000000800455e        0x2 
 .text.vTaskStartScheduler
                0x0000000008004560       0x6c Middlewares/Third_Party/FreeRTOS/Source/tasks.o
                0x0000000008004560                vTaskStartScheduler
 .text.vTaskSuspendAll
                0x00000000080045cc       0x10 Middlewares/Third_Party/FreeRTOS/Source/tasks.o
                0x00000000080045cc                vTaskSuspendAll
 .text.xTaskIncrementTick
                0x00000000080045dc      0x124 Middlewares/Third_Party/FreeRTOS/Source/tasks.o
                0x00000000080045dc                xTaskIncrementTick
 .text.xTaskResumeAll
                0x0000000008004700       0xec Middlewares/Third_Party/FreeRTOS/Source/tasks.o
                0x0000000008004700                xTaskResumeAll
 .text.vTaskDelay
                0x00000000080047ec       0x48 Middlewares/Third_Party/FreeRTOS/Source/tasks.o
                0x00000000080047ec                vTaskDelay
 .text.vTaskSwitchContext
                0x0000000008004834       0x74 Middlewares/Third_Party/FreeRTOS/Source/tasks.o
                0x0000000008004834                vTaskSwitchContext
 .text.vTaskPlaceOnEventList
                0x00000000080048a8       0x34 Middlewares/Third_Party/FreeRTOS/Source/tasks.o
                0x00000000080048a8                vTaskPlaceOnEventList
 .text.xTaskRemoveFromEventList
                0x00000000080048dc       0x84 Middlewares/Third_Party/FreeRTOS/Source/tasks.o
                0x00000000080048dc                xTaskRemoveFromEventList
 .text.vTaskInternalSetTimeOutState
                0x0000000008004960       0x18 Middlewares/Third_Party/FreeRTOS/Source/tasks.o
                0x0000000008004960                vTaskInternalSetTimeOutState
 .text.xTaskCheckForTimeOut
                0x0000000008004978       0x78 Middlewares/Third_Party/FreeRTOS/Source/tasks.o
                0x0000000008004978                xTaskCheckForTimeOut
 .text.vTaskMissedYield
                0x00000000080049f0        0xc Middlewares/Third_Party/FreeRTOS/Source/tasks.o
                0x00000000080049f0                vTaskMissedYield
 .text.xTaskGetSchedulerState
                0x00000000080049fc       0x20 Middlewares/Third_Party/FreeRTOS/Source/tasks.o
                0x00000000080049fc                xTaskGetSchedulerState
 .text.xTaskPriorityInherit
                0x0000000008004a1c       0xa4 Middlewares/Third_Party/FreeRTOS/Source/tasks.o
                0x0000000008004a1c                xTaskPriorityInherit
 .text.vTaskPriorityDisinheritAfterTimeout
                0x0000000008004ac0       0xb4 Middlewares/Third_Party/FreeRTOS/Source/tasks.o
                0x0000000008004ac0                vTaskPriorityDisinheritAfterTimeout
 .text.pvTaskIncrementMutexHeldCount
                0x0000000008004b74       0x18 Middlewares/Third_Party/FreeRTOS/Source/tasks.o
                0x0000000008004b74                pvTaskIncrementMutexHeldCount
 .text.prvTaskExitError
                0x0000000008004b8c       0x40 Middlewares/Third_Party/FreeRTOS/Source/portable/GCC/ARM_CM4F/port.o
 .text.unlikely.prvPortStartFirstTask
                0x0000000008004bcc       0x28 Middlewares/Third_Party/FreeRTOS/Source/portable/GCC/ARM_CM4F/port.o
 .text.unlikely.vPortEnableVFP
                0x0000000008004bf4       0x14 Middlewares/Third_Party/FreeRTOS/Source/portable/GCC/ARM_CM4F/port.o
 .text.pxPortInitialiseStack
                0x0000000008004c08       0x2c Middlewares/Third_Party/FreeRTOS/Source/portable/GCC/ARM_CM4F/port.o
                0x0000000008004c08                pxPortInitialiseStack
 *fill*         0x0000000008004c34        0xc 
 .text.SVC_Handler
                0x0000000008004c40       0x24 Middlewares/Third_Party/FreeRTOS/Source/portable/GCC/ARM_CM4F/port.o
                0x0000000008004c40                SVC_Handler
 .text.vPortEnterCritical
                0x0000000008004c64       0x44 Middlewares/Third_Party/FreeRTOS/Source/portable/GCC/ARM_CM4F/port.o
                0x0000000008004c64                vPortEnterCritical
 .text.vPortExitCritical
                0x0000000008004ca8       0x28 Middlewares/Third_Party/FreeRTOS/Source/portable/GCC/ARM_CM4F/port.o
                0x0000000008004ca8                vPortExitCritical
 .text.PendSV_Handler
                0x0000000008004cd0       0x64 Middlewares/Third_Party/FreeRTOS/Source/portable/GCC/ARM_CM4F/port.o
                0x0000000008004cd0                PendSV_Handler
 .text.SysTick_Handler
                0x0000000008004d34       0x2c Middlewares/Third_Party/FreeRTOS/Source/portable/GCC/ARM_CM4F/port.o
                0x0000000008004d34                SysTick_Handler
 .text.vPortSetupTimerInterrupt
                0x0000000008004d60       0x34 Middlewares/Third_Party/FreeRTOS/Source/portable/GCC/ARM_CM4F/port.o
                0x0000000008004d60                vPortSetupTimerInterrupt
 .text.xPortStartScheduler
                0x0000000008004d94      0x10c Middlewares/Third_Party/FreeRTOS/Source/portable/GCC/ARM_CM4F/port.o
                0x0000000008004d94                xPortStartScheduler
 .text.vPortValidateInterruptPriority
                0x0000000008004ea0       0x5c Middlewares/Third_Party/FreeRTOS/Source/portable/GCC/ARM_CM4F/port.o
                0x0000000008004ea0                vPortValidateInterruptPriority
 .text.unlikely.prvInsertBlockIntoFreeList
                0x0000000008004efc       0x48 Middlewares/Third_Party/FreeRTOS/Source/portable/MemMang/heap_4.o
 .text.pvPortMalloc
                0x0000000008004f44      0x118 Middlewares/Third_Party/FreeRTOS/Source/portable/MemMang/heap_4.o
                0x0000000008004f44                pvPortMalloc
 .text.vPortFree
                0x000000000800505c       0x70 Middlewares/Third_Party/FreeRTOS/Source/portable/MemMang/heap_4.o
                0x000000000800505c                vPortFree
 .text.__errno  0x00000000080050cc        0xc c:/st/stm32cubeide_1.3.0/stm32cubeide/plugins/com.st.stm32cube.ide.mcu.externaltools.gnu-tools-for-stm32.7-2018-q2-update.win32_1.0.0.201904181610/tools/bin/../lib/gcc/arm-none-eabi/7.3.1/../../../../arm-none-eabi/lib/thumb/v7e-m/fpv4-sp/hard\libc_nano.a(lib_a-errno.o)
                0x00000000080050cc                __errno
 .text.__libc_init_array
                0x00000000080050d8       0x48 c:/st/stm32cubeide_1.3.0/stm32cubeide/plugins/com.st.stm32cube.ide.mcu.externaltools.gnu-tools-for-stm32.7-2018-q2-update.win32_1.0.0.201904181610/tools/bin/../lib/gcc/arm-none-eabi/7.3.1/../../../../arm-none-eabi/lib/thumb/v7e-m/fpv4-sp/hard\libc_nano.a(lib_a-init.o)
                0x00000000080050d8                __libc_init_array
 .text.memset   0x0000000008005120       0x10 c:/st/stm32cubeide_1.3.0/stm32cubeide/plugins/com.st.stm32cube.ide.mcu.externaltools.gnu-tools-for-stm32.7-2018-q2-update.win32_1.0.0.201904181610/tools/bin/../lib/gcc/arm-none-eabi/7.3.1/../../../../arm-none-eabi/lib/thumb/v7e-m/fpv4-sp/hard\libc_nano.a(lib_a-memset.o)
                0x0000000008005120                memset
 .text.printf   0x0000000008005130       0x30 c:/st/stm32cubeide_1.3.0/stm32cubeide/plugins/com.st.stm32cube.ide.mcu.externaltools.gnu-tools-for-stm32.7-2018-q2-update.win32_1.0.0.201904181610/tools/bin/../lib/gcc/arm-none-eabi/7.3.1/../../../../arm-none-eabi/lib/thumb/v7e-m/fpv4-sp/hard\libc_nano.a(lib_a-printf.o)
                0x0000000008005130                iprintf
                0x0000000008005130                printf
 .text._puts_r  0x0000000008005160       0xb8 c:/st/stm32cubeide_1.3.0/stm32cubeide/plugins/com.st.stm32cube.ide.mcu.externaltools.gnu-tools-for-stm32.7-2018-q2-update.win32_1.0.0.201904181610/tools/bin/../lib/gcc/arm-none-eabi/7.3.1/../../../../arm-none-eabi/lib/thumb/v7e-m/fpv4-sp/hard\libc_nano.a(lib_a-puts.o)
                0x0000000008005160                _puts_r
 .text.puts     0x0000000008005218       0x10 c:/st/stm32cubeide_1.3.0/stm32cubeide/plugins/com.st.stm32cube.ide.mcu.externaltools.gnu-tools-for-stm32.7-2018-q2-update.win32_1.0.0.201904181610/tools/bin/../lib/gcc/arm-none-eabi/7.3.1/../../../../arm-none-eabi/lib/thumb/v7e-m/fpv4-sp/hard\libc_nano.a(lib_a-puts.o)
                0x0000000008005218                puts
 .text.__swbuf_r
                0x0000000008005228       0xa4 c:/st/stm32cubeide_1.3.0/stm32cubeide/plugins/com.st.stm32cube.ide.mcu.externaltools.gnu-tools-for-stm32.7-2018-q2-update.win32_1.0.0.201904181610/tools/bin/../lib/gcc/arm-none-eabi/7.3.1/../../../../arm-none-eabi/lib/thumb/v7e-m/fpv4-sp/hard\libc_nano.a(lib_a-wbuf.o)
                0x0000000008005228                __swbuf_r
 .text.__swsetup_r
                0x00000000080052cc       0xdc c:/st/stm32cubeide_1.3.0/stm32cubeide/plugins/com.st.stm32cube.ide.mcu.externaltools.gnu-tools-for-stm32.7-2018-q2-update.win32_1.0.0.201904181610/tools/bin/../lib/gcc/arm-none-eabi/7.3.1/../../../../arm-none-eabi/lib/thumb/v7e-m/fpv4-sp/hard\libc_nano.a(lib_a-wsetup.o)
                0x00000000080052cc                __swsetup_r
 .text.__sflush_r
                0x00000000080053a8      0x10c c:/st/stm32cubeide_1.3.0/stm32cubeide/plugins/com.st.stm32cube.ide.mcu.externaltools.gnu-tools-for-stm32.7-2018-q2-update.win32_1.0.0.201904181610/tools/bin/../lib/gcc/arm-none-eabi/7.3.1/../../../../arm-none-eabi/lib/thumb/v7e-m/fpv4-sp/hard\libc_nano.a(lib_a-fflush.o)
                0x00000000080053a8                __sflush_r
 .text._fflush_r
                0x00000000080054b4       0x54 c:/st/stm32cubeide_1.3.0/stm32cubeide/plugins/com.st.stm32cube.ide.mcu.externaltools.gnu-tools-for-stm32.7-2018-q2-update.win32_1.0.0.201904181610/tools/bin/../lib/gcc/arm-none-eabi/7.3.1/../../../../arm-none-eabi/lib/thumb/v7e-m/fpv4-sp/hard\libc_nano.a(lib_a-fflush.o)
                0x00000000080054b4                _fflush_r
 .text.std      0x0000000008005508       0x48 c:/st/stm32cubeide_1.3.0/stm32cubeide/plugins/com.st.stm32cube.ide.mcu.externaltools.gnu-tools-for-stm32.7-2018-q2-update.win32_1.0.0.201904181610/tools/bin/../lib/gcc/arm-none-eabi/7.3.1/../../../../arm-none-eabi/lib/thumb/v7e-m/fpv4-sp/hard\libc_nano.a(lib_a-findfp.o)
 .text._cleanup_r
                0x0000000008005550        0xc c:/st/stm32cubeide_1.3.0/stm32cubeide/plugins/com.st.stm32cube.ide.mcu.externaltools.gnu-tools-for-stm32.7-2018-q2-update.win32_1.0.0.201904181610/tools/bin/../lib/gcc/arm-none-eabi/7.3.1/../../../../arm-none-eabi/lib/thumb/v7e-m/fpv4-sp/hard\libc_nano.a(lib_a-findfp.o)
                0x0000000008005550                _cleanup_r
 .text.__sfmoreglue
                0x000000000800555c       0x2c c:/st/stm32cubeide_1.3.0/stm32cubeide/plugins/com.st.stm32cube.ide.mcu.externaltools.gnu-tools-for-stm32.7-2018-q2-update.win32_1.0.0.201904181610/tools/bin/../lib/gcc/arm-none-eabi/7.3.1/../../../../arm-none-eabi/lib/thumb/v7e-m/fpv4-sp/hard\libc_nano.a(lib_a-findfp.o)
                0x000000000800555c                __sfmoreglue
 .text.__sinit  0x0000000008005588       0x60 c:/st/stm32cubeide_1.3.0/stm32cubeide/plugins/com.st.stm32cube.ide.mcu.externaltools.gnu-tools-for-stm32.7-2018-q2-update.win32_1.0.0.201904181610/tools/bin/../lib/gcc/arm-none-eabi/7.3.1/../../../../arm-none-eabi/lib/thumb/v7e-m/fpv4-sp/hard\libc_nano.a(lib_a-findfp.o)
                0x0000000008005588                __sinit
 .text.__sfp    0x00000000080055e8       0x78 c:/st/stm32cubeide_1.3.0/stm32cubeide/plugins/com.st.stm32cube.ide.mcu.externaltools.gnu-tools-for-stm32.7-2018-q2-update.win32_1.0.0.201904181610/tools/bin/../lib/gcc/arm-none-eabi/7.3.1/../../../../arm-none-eabi/lib/thumb/v7e-m/fpv4-sp/hard\libc_nano.a(lib_a-findfp.o)
                0x00000000080055e8                __sfp
 .text._fwalk_reent
                0x0000000008005660       0x3c c:/st/stm32cubeide_1.3.0/stm32cubeide/plugins/com.st.stm32cube.ide.mcu.externaltools.gnu-tools-for-stm32.7-2018-q2-update.win32_1.0.0.201904181610/tools/bin/../lib/gcc/arm-none-eabi/7.3.1/../../../../arm-none-eabi/lib/thumb/v7e-m/fpv4-sp/hard\libc_nano.a(lib_a-fwalk.o)
                0x0000000008005660                _fwalk_reent
 .text.__swhatbuf_r
                0x000000000800569c       0x48 c:/st/stm32cubeide_1.3.0/stm32cubeide/plugins/com.st.stm32cube.ide.mcu.externaltools.gnu-tools-for-stm32.7-2018-q2-update.win32_1.0.0.201904181610/tools/bin/../lib/gcc/arm-none-eabi/7.3.1/../../../../arm-none-eabi/lib/thumb/v7e-m/fpv4-sp/hard\libc_nano.a(lib_a-makebuf.o)
                0x000000000800569c                __swhatbuf_r
 .text.__smakebuf_r
                0x00000000080056e4       0x80 c:/st/stm32cubeide_1.3.0/stm32cubeide/plugins/com.st.stm32cube.ide.mcu.externaltools.gnu-tools-for-stm32.7-2018-q2-update.win32_1.0.0.201904181610/tools/bin/../lib/gcc/arm-none-eabi/7.3.1/../../../../arm-none-eabi/lib/thumb/v7e-m/fpv4-sp/hard\libc_nano.a(lib_a-makebuf.o)
                0x00000000080056e4                __smakebuf_r
 .text._free_r  0x0000000008005764       0x9c c:/st/stm32cubeide_1.3.0/stm32cubeide/plugins/com.st.stm32cube.ide.mcu.externaltools.gnu-tools-for-stm32.7-2018-q2-update.win32_1.0.0.201904181610/tools/bin/../lib/gcc/arm-none-eabi/7.3.1/../../../../arm-none-eabi/lib/thumb/v7e-m/fpv4-sp/hard\libc_nano.a(lib_a-nano-freer.o)
                0x0000000008005764                _free_r
 .text._malloc_r
                0x0000000008005800       0xb4 c:/st/stm32cubeide_1.3.0/stm32cubeide/plugins/com.st.stm32cube.ide.mcu.externaltools.gnu-tools-for-stm32.7-2018-q2-update.win32_1.0.0.201904181610/tools/bin/../lib/gcc/arm-none-eabi/7.3.1/../../../../arm-none-eabi/lib/thumb/v7e-m/fpv4-sp/hard\libc_nano.a(lib_a-nano-mallocr.o)
                0x0000000008005800                _malloc_r
 .text.__sfputc_r
                0x00000000080058b4       0x2e c:/st/stm32cubeide_1.3.0/stm32cubeide/plugins/com.st.stm32cube.ide.mcu.externaltools.gnu-tools-for-stm32.7-2018-q2-update.win32_1.0.0.201904181610/tools/bin/../lib/gcc/arm-none-eabi/7.3.1/../../../../arm-none-eabi/lib/thumb/v7e-m/fpv4-sp/hard\libc_nano.a(lib_a-nano-vfprintf.o)
 .text.__sfputs_r
                0x00000000080058e2       0x24 c:/st/stm32cubeide_1.3.0/stm32cubeide/plugins/com.st.stm32cube.ide.mcu.externaltools.gnu-tools-for-stm32.7-2018-q2-update.win32_1.0.0.201904181610/tools/bin/../lib/gcc/arm-none-eabi/7.3.1/../../../../arm-none-eabi/lib/thumb/v7e-m/fpv4-sp/hard\libc_nano.a(lib_a-nano-vfprintf.o)
                0x00000000080058e2                __sfputs_r
 *fill*         0x0000000008005906        0x2 
 .text._vfprintf_r
                0x0000000008005908      0x22c c:/st/stm32cubeide_1.3.0/stm32cubeide/plugins/com.st.stm32cube.ide.mcu.externaltools.gnu-tools-for-stm32.7-2018-q2-update.win32_1.0.0.201904181610/tools/bin/../lib/gcc/arm-none-eabi/7.3.1/../../../../arm-none-eabi/lib/thumb/v7e-m/fpv4-sp/hard\libc_nano.a(lib_a-nano-vfprintf.o)
                0x0000000008005908                _vfprintf_r
                0x0000000008005908                _vfiprintf_r
 .text._printf_common
                0x0000000008005b34       0xea c:/st/stm32cubeide_1.3.0/stm32cubeide/plugins/com.st.stm32cube.ide.mcu.externaltools.gnu-tools-for-stm32.7-2018-q2-update.win32_1.0.0.201904181610/tools/bin/../lib/gcc/arm-none-eabi/7.3.1/../../../../arm-none-eabi/lib/thumb/v7e-m/fpv4-sp/hard\libc_nano.a(lib_a-nano-vfprintf_i.o)
                0x0000000008005b34                _printf_common
 *fill*         0x0000000008005c1e        0x2 
 .text._printf_i
                0x0000000008005c20      0x224 c:/st/stm32cubeide_1.3.0/stm32cubeide/plugins/com.st.stm32cube.ide.mcu.externaltools.gnu-tools-for-stm32.7-2018-q2-update.win32_1.0.0.201904181610/tools/bin/../lib/gcc/arm-none-eabi/7.3.1/../../../../arm-none-eabi/lib/thumb/v7e-m/fpv4-sp/hard\libc_nano.a(lib_a-nano-vfprintf_i.o)
                0x0000000008005c20                _printf_i
 .text._sbrk_r  0x0000000008005e44       0x20 c:/st/stm32cubeide_1.3.0/stm32cubeide/plugins/com.st.stm32cube.ide.mcu.externaltools.gnu-tools-for-stm32.7-2018-q2-update.win32_1.0.0.201904181610/tools/bin/../lib/gcc/arm-none-eabi/7.3.1/../../../../arm-none-eabi/lib/thumb/v7e-m/fpv4-sp/hard\libc_nano.a(lib_a-sbrkr.o)
                0x0000000008005e44                _sbrk_r
 .text.__sread  0x0000000008005e64       0x22 c:/st/stm32cubeide_1.3.0/stm32cubeide/plugins/com.st.stm32cube.ide.mcu.externaltools.gnu-tools-for-stm32.7-2018-q2-update.win32_1.0.0.201904181610/tools/bin/../lib/gcc/arm-none-eabi/7.3.1/../../../../arm-none-eabi/lib/thumb/v7e-m/fpv4-sp/hard\libc_nano.a(lib_a-stdio.o)
                0x0000000008005e64                __sread
 .text.__swrite
                0x0000000008005e86       0x38 c:/st/stm32cubeide_1.3.0/stm32cubeide/plugins/com.st.stm32cube.ide.mcu.externaltools.gnu-tools-for-stm32.7-2018-q2-update.win32_1.0.0.201904181610/tools/bin/../lib/gcc/arm-none-eabi/7.3.1/../../../../arm-none-eabi/lib/thumb/v7e-m/fpv4-sp/hard\libc_nano.a(lib_a-stdio.o)
                0x0000000008005e86                __swrite
 .text.__sseek  0x0000000008005ebe       0x24 c:/st/stm32cubeide_1.3.0/stm32cubeide/plugins/com.st.stm32cube.ide.mcu.externaltools.gnu-tools-for-stm32.7-2018-q2-update.win32_1.0.0.201904181610/tools/bin/../lib/gcc/arm-none-eabi/7.3.1/../../../../arm-none-eabi/lib/thumb/v7e-m/fpv4-sp/hard\libc_nano.a(lib_a-stdio.o)
                0x0000000008005ebe                __sseek
 .text.__sclose
                0x0000000008005ee2        0x8 c:/st/stm32cubeide_1.3.0/stm32cubeide/plugins/com.st.stm32cube.ide.mcu.externaltools.gnu-tools-for-stm32.7-2018-q2-update.win32_1.0.0.201904181610/tools/bin/../lib/gcc/arm-none-eabi/7.3.1/../../../../arm-none-eabi/lib/thumb/v7e-m/fpv4-sp/hard\libc_nano.a(lib_a-stdio.o)
                0x0000000008005ee2                __sclose
 *fill*         0x0000000008005eea        0x2 
 .text._write_r
                0x0000000008005eec       0x24 c:/st/stm32cubeide_1.3.0/stm32cubeide/plugins/com.st.stm32cube.ide.mcu.externaltools.gnu-tools-for-stm32.7-2018-q2-update.win32_1.0.0.201904181610/tools/bin/../lib/gcc/arm-none-eabi/7.3.1/../../../../arm-none-eabi/lib/thumb/v7e-m/fpv4-sp/hard\libc_nano.a(lib_a-writer.o)
                0x0000000008005eec                _write_r
 .text._close_r
                0x0000000008005f10       0x20 c:/st/stm32cubeide_1.3.0/stm32cubeide/plugins/com.st.stm32cube.ide.mcu.externaltools.gnu-tools-for-stm32.7-2018-q2-update.win32_1.0.0.201904181610/tools/bin/../lib/gcc/arm-none-eabi/7.3.1/../../../../arm-none-eabi/lib/thumb/v7e-m/fpv4-sp/hard\libc_nano.a(lib_a-closer.o)
                0x0000000008005f10                _close_r
 .text._fstat_r
                0x0000000008005f30       0x24 c:/st/stm32cubeide_1.3.0/stm32cubeide/plugins/com.st.stm32cube.ide.mcu.externaltools.gnu-tools-for-stm32.7-2018-q2-update.win32_1.0.0.201904181610/tools/bin/../lib/gcc/arm-none-eabi/7.3.1/../../../../arm-none-eabi/lib/thumb/v7e-m/fpv4-sp/hard\libc_nano.a(lib_a-fstatr.o)
                0x0000000008005f30                _fstat_r
 .text._isatty_r
                0x0000000008005f54       0x20 c:/st/stm32cubeide_1.3.0/stm32cubeide/plugins/com.st.stm32cube.ide.mcu.externaltools.gnu-tools-for-stm32.7-2018-q2-update.win32_1.0.0.201904181610/tools/bin/../lib/gcc/arm-none-eabi/7.3.1/../../../../arm-none-eabi/lib/thumb/v7e-m/fpv4-sp/hard\libc_nano.a(lib_a-isattyr.o)
                0x0000000008005f54                _isatty_r
 .text._lseek_r
                0x0000000008005f74       0x24 c:/st/stm32cubeide_1.3.0/stm32cubeide/plugins/com.st.stm32cube.ide.mcu.externaltools.gnu-tools-for-stm32.7-2018-q2-update.win32_1.0.0.201904181610/tools/bin/../lib/gcc/arm-none-eabi/7.3.1/../../../../arm-none-eabi/lib/thumb/v7e-m/fpv4-sp/hard\libc_nano.a(lib_a-lseekr.o)
                0x0000000008005f74                _lseek_r
 .text.__malloc_lock
                0x0000000008005f98        0x2 c:/st/stm32cubeide_1.3.0/stm32cubeide/plugins/com.st.stm32cube.ide.mcu.externaltools.gnu-tools-for-stm32.7-2018-q2-update.win32_1.0.0.201904181610/tools/bin/../lib/gcc/arm-none-eabi/7.3.1/../../../../arm-none-eabi/lib/thumb/v7e-m/fpv4-sp/hard\libc_nano.a(lib_a-mlock.o)
                0x0000000008005f98                __malloc_lock
 .text.__malloc_unlock
                0x0000000008005f9a        0x2 c:/st/stm32cubeide_1.3.0/stm32cubeide/plugins/com.st.stm32cube.ide.mcu.externaltools.gnu-tools-for-stm32.7-2018-q2-update.win32_1.0.0.201904181610/tools/bin/../lib/gcc/arm-none-eabi/7.3.1/../../../../arm-none-eabi/lib/thumb/v7e-m/fpv4-sp/hard\libc_nano.a(lib_a-mlock.o)
                0x0000000008005f9a                __malloc_unlock
 .text._read_r  0x0000000008005f9c       0x24 c:/st/stm32cubeide_1.3.0/stm32cubeide/plugins/com.st.stm32cube.ide.mcu.externaltools.gnu-tools-for-stm32.7-2018-q2-update.win32_1.0.0.201904181610/tools/bin/../lib/gcc/arm-none-eabi/7.3.1/../../../../arm-none-eabi/lib/thumb/v7e-m/fpv4-sp/hard\libc_nano.a(lib_a-readr.o)
                0x0000000008005f9c                _read_r
 *(.glue_7)
 .glue_7        0x0000000008005fc0        0x0 linker stubs
 *(.glue_7t)
 .glue_7t       0x0000000008005fc0        0x0 linker stubs
 *(.eh_frame)
 .eh_frame      0x0000000008005fc0        0x0 c:/st/stm32cubeide_1.3.0/stm32cubeide/plugins/com.st.stm32cube.ide.mcu.externaltools.gnu-tools-for-stm32.7-2018-q2-update.win32_1.0.0.201904181610/tools/bin/../lib/gcc/arm-none-eabi/7.3.1/thumb/v7e-m/fpv4-sp/hard/crtbegin.o
 *(.init)
 .init          0x0000000008005fc0        0x4 c:/st/stm32cubeide_1.3.0/stm32cubeide/plugins/com.st.stm32cube.ide.mcu.externaltools.gnu-tools-for-stm32.7-2018-q2-update.win32_1.0.0.201904181610/tools/bin/../lib/gcc/arm-none-eabi/7.3.1/thumb/v7e-m/fpv4-sp/hard/crti.o
                0x0000000008005fc0                _init
 .init          0x0000000008005fc4        0x8 c:/st/stm32cubeide_1.3.0/stm32cubeide/plugins/com.st.stm32cube.ide.mcu.externaltools.gnu-tools-for-stm32.7-2018-q2-update.win32_1.0.0.201904181610/tools/bin/../lib/gcc/arm-none-eabi/7.3.1/thumb/v7e-m/fpv4-sp/hard/crtn.o
 *(.fini)
 .fini          0x0000000008005fcc        0x4 c:/st/stm32cubeide_1.3.0/stm32cubeide/plugins/com.st.stm32cube.ide.mcu.externaltools.gnu-tools-for-stm32.7-2018-q2-update.win32_1.0.0.201904181610/tools/bin/../lib/gcc/arm-none-eabi/7.3.1/thumb/v7e-m/fpv4-sp/hard/crti.o
                0x0000000008005fcc                _fini
 .fini          0x0000000008005fd0        0x8 c:/st/stm32cubeide_1.3.0/stm32cubeide/plugins/com.st.stm32cube.ide.mcu.externaltools.gnu-tools-for-stm32.7-2018-q2-update.win32_1.0.0.201904181610/tools/bin/../lib/gcc/arm-none-eabi/7.3.1/thumb/v7e-m/fpv4-sp/hard/crtn.o
                0x0000000008005fd8                . = ALIGN (0x4)
                0x0000000008005fd8                _etext = .

.vfp11_veneer   0x0000000008005fd8        0x0
 .vfp11_veneer  0x0000000008005fd8        0x0 linker stubs

.v4_bx          0x0000000008005fd8        0x0
 .v4_bx         0x0000000008005fd8        0x0 linker stubs

.iplt           0x0000000008005fd8        0x0
 .iplt          0x0000000008005fd8        0x0 c:/st/stm32cubeide_1.3.0/stm32cubeide/plugins/com.st.stm32cube.ide.mcu.externaltools.gnu-tools-for-stm32.7-2018-q2-update.win32_1.0.0.201904181610/tools/bin/../lib/gcc/arm-none-eabi/7.3.1/thumb/v7e-m/fpv4-sp/hard/crtbegin.o

.rodata         0x0000000008005fd8      0x25c
                0x0000000008005fd8                . = ALIGN (0x4)
 *(.rodata)
 .rodata        0x0000000008005fd8       0x1c Core/Src/freertos.o
 *(.rodata*)
 .rodata.sh_help.str1.1
                0x0000000008005ff4        0x8 Core/Src/Shell.o
 .rodata.shell_exec.str1.1
                0x0000000008005ffc       0x16 Core/Src/Shell.o
 .rodata.shell_init.str1.1
                0x0000000008006012       0x25 Core/Src/Shell.o
 .rodata.shell_run.str1.1
                0x0000000008006037        0x6 Core/Src/Shell.o
                                          0x8 (size before relaxing)
 .rodata.str1.1
                0x000000000800603d        0xc Core/Src/freertos.o
 .rodata.FctBidon.str1.1
                0x0000000008006049       0x31 Core/Src/main.o
 .rodata.main.str1.1
                0x000000000800607a       0xed Core/Src/main.o
 .rodata.TIM2_IRQHandler.str1.1
                0x0000000008006167       0x18 Core/Src/stm32f4xx_it.o
 .rodata.AHBPrescTable
                0x000000000800617f       0x10 Core/Src/system_stm32f4xx.o
                0x000000000800617f                AHBPrescTable
 .rodata.APBPrescTable
                0x000000000800618f        0x8 Core/Src/system_stm32f4xx.o
                0x000000000800618f                APBPrescTable
 .rodata.vTaskStartScheduler.str1.1
                0x0000000008006197        0x5 Middlewares/Third_Party/FreeRTOS/Source/tasks.o
 .rodata._global_impure_ptr
                0x000000000800619c        0x4 c:/st/stm32cubeide_1.3.0/stm32cubeide/plugins/com.st.stm32cube.ide.mcu.externaltools.gnu-tools-for-stm32.7-2018-q2-update.win32_1.0.0.201904181610/tools/bin/../lib/gcc/arm-none-eabi/7.3.1/../../../../arm-none-eabi/lib/thumb/v7e-m/fpv4-sp/hard\libc_nano.a(lib_a-impure.o)
                0x000000000800619c                _global_impure_ptr
 .rodata.__sf_fake_stderr
                0x00000000080061a0       0x20 c:/st/stm32cubeide_1.3.0/stm32cubeide/plugins/com.st.stm32cube.ide.mcu.externaltools.gnu-tools-for-stm32.7-2018-q2-update.win32_1.0.0.201904181610/tools/bin/../lib/gcc/arm-none-eabi/7.3.1/../../../../arm-none-eabi/lib/thumb/v7e-m/fpv4-sp/hard\libc_nano.a(lib_a-findfp.o)
                0x00000000080061a0                __sf_fake_stderr
 .rodata.__sf_fake_stdin
                0x00000000080061c0       0x20 c:/st/stm32cubeide_1.3.0/stm32cubeide/plugins/com.st.stm32cube.ide.mcu.externaltools.gnu-tools-for-stm32.7-2018-q2-update.win32_1.0.0.201904181610/tools/bin/../lib/gcc/arm-none-eabi/7.3.1/../../../../arm-none-eabi/lib/thumb/v7e-m/fpv4-sp/hard\libc_nano.a(lib_a-findfp.o)
                0x00000000080061c0                __sf_fake_stdin
 .rodata.__sf_fake_stdout
                0x00000000080061e0       0x20 c:/st/stm32cubeide_1.3.0/stm32cubeide/plugins/com.st.stm32cube.ide.mcu.externaltools.gnu-tools-for-stm32.7-2018-q2-update.win32_1.0.0.201904181610/tools/bin/../lib/gcc/arm-none-eabi/7.3.1/../../../../arm-none-eabi/lib/thumb/v7e-m/fpv4-sp/hard\libc_nano.a(lib_a-findfp.o)
                0x00000000080061e0                __sf_fake_stdout
 .rodata._vfprintf_r.str1.1
                0x0000000008006200       0x11 c:/st/stm32cubeide_1.3.0/stm32cubeide/plugins/com.st.stm32cube.ide.mcu.externaltools.gnu-tools-for-stm32.7-2018-q2-update.win32_1.0.0.201904181610/tools/bin/../lib/gcc/arm-none-eabi/7.3.1/../../../../arm-none-eabi/lib/thumb/v7e-m/fpv4-sp/hard\libc_nano.a(lib_a-nano-vfprintf.o)
 .rodata._printf_i.str1.1
                0x0000000008006211       0x22 c:/st/stm32cubeide_1.3.0/stm32cubeide/plugins/com.st.stm32cube.ide.mcu.externaltools.gnu-tools-for-stm32.7-2018-q2-update.win32_1.0.0.201904181610/tools/bin/../lib/gcc/arm-none-eabi/7.3.1/../../../../arm-none-eabi/lib/thumb/v7e-m/fpv4-sp/hard\libc_nano.a(lib_a-nano-vfprintf_i.o)
                0x0000000008006234                . = ALIGN (0x4)
 *fill*         0x0000000008006233        0x1 

.ARM.extab      0x0000000008006234        0x0
                0x0000000008006234                . = ALIGN (0x4)
 *(.ARM.extab* .gnu.linkonce.armextab.*)
                0x0000000008006234                . = ALIGN (0x4)

.ARM            0x0000000008006234        0x8
                0x0000000008006234                . = ALIGN (0x4)
                0x0000000008006234                __exidx_start = .
 *(.ARM.exidx*)
 .ARM.exidx     0x0000000008006234        0x8 c:/st/stm32cubeide_1.3.0/stm32cubeide/plugins/com.st.stm32cube.ide.mcu.externaltools.gnu-tools-for-stm32.7-2018-q2-update.win32_1.0.0.201904181610/tools/bin/../lib/gcc/arm-none-eabi/7.3.1/thumb/v7e-m/fpv4-sp/hard\libgcc.a(_udivmoddi4.o)
                0x000000000800623c                __exidx_end = .
                0x000000000800623c                . = ALIGN (0x4)

.rel.dyn        0x000000000800623c        0x0
 .rel.iplt      0x000000000800623c        0x0 c:/st/stm32cubeide_1.3.0/stm32cubeide/plugins/com.st.stm32cube.ide.mcu.externaltools.gnu-tools-for-stm32.7-2018-q2-update.win32_1.0.0.201904181610/tools/bin/../lib/gcc/arm-none-eabi/7.3.1/thumb/v7e-m/fpv4-sp/hard/crtbegin.o

.preinit_array  0x000000000800623c        0x0
                0x000000000800623c                . = ALIGN (0x4)
                0x000000000800623c                PROVIDE (__preinit_array_start = .)
 *(.preinit_array*)
                0x000000000800623c                PROVIDE (__preinit_array_end = .)
                0x000000000800623c                . = ALIGN (0x4)

.init_array     0x000000000800623c        0x4
                0x000000000800623c                . = ALIGN (0x4)
                0x000000000800623c                PROVIDE (__init_array_start = .)
 *(SORT_BY_NAME(.init_array.*))
 *(.init_array*)
 .init_array    0x000000000800623c        0x4 c:/st/stm32cubeide_1.3.0/stm32cubeide/plugins/com.st.stm32cube.ide.mcu.externaltools.gnu-tools-for-stm32.7-2018-q2-update.win32_1.0.0.201904181610/tools/bin/../lib/gcc/arm-none-eabi/7.3.1/thumb/v7e-m/fpv4-sp/hard/crtbegin.o
                0x0000000008006240                PROVIDE (__init_array_end = .)
                0x0000000008006240                . = ALIGN (0x4)

.fini_array     0x0000000008006240        0x4
                0x0000000008006240                . = ALIGN (0x4)
                [!provide]                        PROVIDE (__fini_array_start = .)
 *(SORT_BY_NAME(.fini_array.*))
 *(.fini_array*)
 .fini_array    0x0000000008006240        0x4 c:/st/stm32cubeide_1.3.0/stm32cubeide/plugins/com.st.stm32cube.ide.mcu.externaltools.gnu-tools-for-stm32.7-2018-q2-update.win32_1.0.0.201904181610/tools/bin/../lib/gcc/arm-none-eabi/7.3.1/thumb/v7e-m/fpv4-sp/hard/crtbegin.o
                [!provide]                        PROVIDE (__fini_array_end = .)
                0x0000000008006244                . = ALIGN (0x4)
                0x0000000008006244                _sidata = LOADADDR (.data)

.data           0x0000000020000000       0x90 load address 0x0000000008006244
                0x0000000020000000                . = ALIGN (0x4)
                0x0000000020000000                _sdata = .
 *(.data)
 *(.data*)
 .data.backspace
                0x0000000020000000        0x4 Core/Src/Shell.o
                0x0000000020000000                backspace
 .data.help     0x0000000020000004       0x15 Core/Src/Shell.o
                0x0000000020000004                help
 .data.prompt   0x0000000020000019        0x3 Core/Src/Shell.o
                0x0000000020000019                prompt
 .data.SystemCoreClock
                0x000000002000001c        0x4 Core/Src/system_stm32f4xx.o
                0x000000002000001c                SystemCoreClock
 .data.uwTickFreq
                0x0000000020000020        0x1 Drivers/STM32F4xx_HAL_Driver/Src/stm32f4xx_hal.o
                0x0000000020000020                uwTickFreq
 *fill*         0x0000000020000021        0x3 
 .data.uwTickPrio
                0x0000000020000024        0x4 Drivers/STM32F4xx_HAL_Driver/Src/stm32f4xx_hal.o
                0x0000000020000024                uwTickPrio
 .data.uxCriticalNesting
                0x0000000020000028        0x4 Middlewares/Third_Party/FreeRTOS/Source/portable/GCC/ARM_CM4F/port.o
 .data._impure_ptr
                0x000000002000002c        0x4 c:/st/stm32cubeide_1.3.0/stm32cubeide/plugins/com.st.stm32cube.ide.mcu.externaltools.gnu-tools-for-stm32.7-2018-q2-update.win32_1.0.0.201904181610/tools/bin/../lib/gcc/arm-none-eabi/7.3.1/../../../../arm-none-eabi/lib/thumb/v7e-m/fpv4-sp/hard\libc_nano.a(lib_a-impure.o)
                0x000000002000002c                _impure_ptr
 .data.impure_data
                0x0000000020000030       0x60 c:/st/stm32cubeide_1.3.0/stm32cubeide/plugins/com.st.stm32cube.ide.mcu.externaltools.gnu-tools-for-stm32.7-2018-q2-update.win32_1.0.0.201904181610/tools/bin/../lib/gcc/arm-none-eabi/7.3.1/../../../../arm-none-eabi/lib/thumb/v7e-m/fpv4-sp/hard\libc_nano.a(lib_a-impure.o)
                0x0000000020000090                . = ALIGN (0x4)
                0x0000000020000090                _edata = .

.igot.plt       0x0000000020000090        0x0 load address 0x00000000080062d4
 .igot.plt      0x0000000020000090        0x0 c:/st/stm32cubeide_1.3.0/stm32cubeide/plugins/com.st.stm32cube.ide.mcu.externaltools.gnu-tools-for-stm32.7-2018-q2-update.win32_1.0.0.201904181610/tools/bin/../lib/gcc/arm-none-eabi/7.3.1/thumb/v7e-m/fpv4-sp/hard/crtbegin.o
                0x0000000020000090                . = ALIGN (0x4)

.bss            0x0000000020000090     0x48b4 load address 0x00000000080062d4
                0x0000000020000090                _sbss = .
                0x0000000020000090                __bss_start__ = _sbss
 *(.bss)
 .bss           0x0000000020000090       0x1c c:/st/stm32cubeide_1.3.0/stm32cubeide/plugins/com.st.stm32cube.ide.mcu.externaltools.gnu-tools-for-stm32.7-2018-q2-update.win32_1.0.0.201904181610/tools/bin/../lib/gcc/arm-none-eabi/7.3.1/thumb/v7e-m/fpv4-sp/hard/crtbegin.o
 *(.bss*)
 .bss.shell_func_list_size
                0x00000000200000ac        0x4 Core/Src/Shell.o
                0x00000000200000ac                shell_func_list_size
 .bss.FMC_Initialized
                0x00000000200000b0        0x4 Core/Src/fmc.o
 .bss.xIdleStack
                0x00000000200000b4      0x200 Core/Src/freertos.o
 .bss.xIdleTaskTCBBuffer
                0x00000000200002b4       0x54 Core/Src/freertos.o
 .bss.heap_end.6424
                0x0000000020000308        0x4 Core/Src/sysmem.o
 .bss.pxCurrentTCB
                0x000000002000030c        0x4 Middlewares/Third_Party/FreeRTOS/Source/tasks.o
                0x000000002000030c                pxCurrentTCB
 .bss.pxDelayedTaskList
                0x0000000020000310        0x4 Middlewares/Third_Party/FreeRTOS/Source/tasks.o
 .bss.pxOverflowDelayedTaskList
                0x0000000020000314        0x4 Middlewares/Third_Party/FreeRTOS/Source/tasks.o
 .bss.pxReadyTasksLists
                0x0000000020000318       0x8c Middlewares/Third_Party/FreeRTOS/Source/tasks.o
 .bss.uxCurrentNumberOfTasks
                0x00000000200003a4        0x4 Middlewares/Third_Party/FreeRTOS/Source/tasks.o
 .bss.uxDeletedTasksWaitingCleanUp
                0x00000000200003a8        0x4 Middlewares/Third_Party/FreeRTOS/Source/tasks.o
 .bss.uxPendedTicks
                0x00000000200003ac        0x4 Middlewares/Third_Party/FreeRTOS/Source/tasks.o
 .bss.uxSchedulerSuspended
                0x00000000200003b0        0x4 Middlewares/Third_Party/FreeRTOS/Source/tasks.o
 .bss.uxTaskNumber
                0x00000000200003b4        0x4 Middlewares/Third_Party/FreeRTOS/Source/tasks.o
 .bss.uxTopReadyPriority
                0x00000000200003b8        0x4 Middlewares/Third_Party/FreeRTOS/Source/tasks.o
 .bss.xDelayedTaskList1
                0x00000000200003bc       0x14 Middlewares/Third_Party/FreeRTOS/Source/tasks.o
 .bss.xDelayedTaskList2
                0x00000000200003d0       0x14 Middlewares/Third_Party/FreeRTOS/Source/tasks.o
 .bss.xNextTaskUnblockTime
                0x00000000200003e4        0x4 Middlewares/Third_Party/FreeRTOS/Source/tasks.o
 .bss.xNumOfOverflows
                0x00000000200003e8        0x4 Middlewares/Third_Party/FreeRTOS/Source/tasks.o
 .bss.xPendingReadyList
                0x00000000200003ec       0x14 Middlewares/Third_Party/FreeRTOS/Source/tasks.o
 .bss.xSchedulerRunning
                0x0000000020000400        0x4 Middlewares/Third_Party/FreeRTOS/Source/tasks.o
 .bss.xSuspendedTaskList
                0x0000000020000404       0x14 Middlewares/Third_Party/FreeRTOS/Source/tasks.o
 .bss.xTasksWaitingTermination
                0x0000000020000418       0x14 Middlewares/Third_Party/FreeRTOS/Source/tasks.o
 .bss.xTickCount
                0x000000002000042c        0x4 Middlewares/Third_Party/FreeRTOS/Source/tasks.o
 .bss.xYieldPending
                0x0000000020000430        0x4 Middlewares/Third_Party/FreeRTOS/Source/tasks.o
 .bss.ucMaxSysCallPriority
                0x0000000020000434        0x1 Middlewares/Third_Party/FreeRTOS/Source/portable/GCC/ARM_CM4F/port.o
 *fill*         0x0000000020000435        0x3 
 .bss.ulMaxPRIGROUPValue
                0x0000000020000438        0x4 Middlewares/Third_Party/FreeRTOS/Source/portable/GCC/ARM_CM4F/port.o
 .bss.pxEnd     0x000000002000043c        0x4 Middlewares/Third_Party/FreeRTOS/Source/portable/MemMang/heap_4.o
 .bss.ucHeap    0x0000000020000440     0x3c00 Middlewares/Third_Party/FreeRTOS/Source/portable/MemMang/heap_4.o
 .bss.xBlockAllocatedBit
                0x0000000020004040        0x4 Middlewares/Third_Party/FreeRTOS/Source/portable/MemMang/heap_4.o
 .bss.xFreeBytesRemaining
                0x0000000020004044        0x4 Middlewares/Third_Party/FreeRTOS/Source/portable/MemMang/heap_4.o
 .bss.xMinimumEverFreeBytesRemaining
                0x0000000020004048        0x4 Middlewares/Third_Party/FreeRTOS/Source/portable/MemMang/heap_4.o
 .bss.xStart    0x000000002000404c        0x8 Middlewares/Third_Party/FreeRTOS/Source/portable/MemMang/heap_4.o
 .bss.__malloc_free_list
                0x0000000020004054        0x4 c:/st/stm32cubeide_1.3.0/stm32cubeide/plugins/com.st.stm32cube.ide.mcu.externaltools.gnu-tools-for-stm32.7-2018-q2-update.win32_1.0.0.201904181610/tools/bin/../lib/gcc/arm-none-eabi/7.3.1/../../../../arm-none-eabi/lib/thumb/v7e-m/fpv4-sp/hard\libc_nano.a(lib_a-nano-mallocr.o)
                0x0000000020004054                __malloc_free_list
 .bss.__malloc_sbrk_start
                0x0000000020004058        0x4 c:/st/stm32cubeide_1.3.0/stm32cubeide/plugins/com.st.stm32cube.ide.mcu.externaltools.gnu-tools-for-stm32.7-2018-q2-update.win32_1.0.0.201904181610/tools/bin/../lib/gcc/arm-none-eabi/7.3.1/../../../../arm-none-eabi/lib/thumb/v7e-m/fpv4-sp/hard\libc_nano.a(lib_a-nano-mallocr.o)
                0x0000000020004058                __malloc_sbrk_start
 *(COMMON)
 COMMON         0x000000002000405c      0x328 Core/Src/Shell.o
                0x000000002000405c                shell_func_list
                0x000000002000435c                buf
 COMMON         0x0000000020004384        0x8 Core/Src/crc.o
                0x0000000020004384                hcrc
 COMMON         0x000000002000438c       0x40 Core/Src/dma2d.o
                0x000000002000438c                hdma2d
 COMMON         0x00000000200043cc       0x34 Core/Src/fmc.o
                0x00000000200043cc                hsdram1
 COMMON         0x0000000020004400        0x4 Core/Src/freertos.o
                0x0000000020004400                defaultTaskHandle
 COMMON         0x0000000020004404       0x54 Core/Src/i2c.o
                0x0000000020004404                hi2c3
 COMMON         0x0000000020004458       0xa8 Core/Src/ltdc.o
                0x0000000020004458                hltdc
 COMMON         0x0000000020004500       0x20 Core/Src/main.o
                0x0000000020004500                MonSemUART
                0x0000000020004504                MonSem
                0x0000000020004508                QMessage
                0x000000002000451c                BaL1
 COMMON         0x0000000020004520       0x58 Core/Src/spi.o
                0x0000000020004520                hspi5
 COMMON         0x0000000020004578       0x40 Core/Src/stm32f4xx_hal_timebase_tim.o
                0x0000000020004578                htim6
 COMMON         0x00000000200045b8       0x80 Core/Src/tim.o
                0x00000000200045b8                htim1
                0x00000000200045f8                htim2
 COMMON         0x0000000020004638       0x40 Core/Src/usart.o
                0x0000000020004638                huart1
 COMMON         0x0000000020004678      0x2c4 Core/Src/usb_otg.o
                0x0000000020004678                hhcd_USB_OTG_HS
 COMMON         0x000000002000493c        0x4 Drivers/STM32F4xx_HAL_Driver/Src/stm32f4xx_hal.o
                0x000000002000493c                uwTick
 COMMON         0x0000000020004940        0x4 c:/st/stm32cubeide_1.3.0/stm32cubeide/plugins/com.st.stm32cube.ide.mcu.externaltools.gnu-tools-for-stm32.7-2018-q2-update.win32_1.0.0.201904181610/tools/bin/../lib/gcc/arm-none-eabi/7.3.1/../../../../arm-none-eabi/lib/thumb/v7e-m/fpv4-sp/hard\libc_nano.a(lib_a-reent.o)
                0x0000000020004940                errno
                0x0000000020004944                . = ALIGN (0x4)
                0x0000000020004944                _ebss = .
                0x0000000020004944                __bss_end__ = _ebss

._user_heap_stack
                0x0000000020004944      0x604 load address 0x00000000080062d4
                0x0000000020004948                . = ALIGN (0x8)
 *fill*         0x0000000020004944        0x4 
                0x0000000020004948                PROVIDE (end = .)
                [!provide]                        PROVIDE (_end = .)
                0x0000000020004b48                . = (. + _Min_Heap_Size)
 *fill*         0x0000000020004948      0x200 
                0x0000000020004f48                . = (. + _Min_Stack_Size)
 *fill*         0x0000000020004b48      0x400 
                0x0000000020004f48                . = ALIGN (0x8)

/DISCARD/
 libc.a(*)
 libm.a(*)
 libgcc.a(*)

.ARM.attributes
                0x0000000000000000       0x30
 *(.ARM.attributes)
 .ARM.attributes
                0x0000000000000000       0x22 c:/st/stm32cubeide_1.3.0/stm32cubeide/plugins/com.st.stm32cube.ide.mcu.externaltools.gnu-tools-for-stm32.7-2018-q2-update.win32_1.0.0.201904181610/tools/bin/../lib/gcc/arm-none-eabi/7.3.1/thumb/v7e-m/fpv4-sp/hard/crti.o
 .ARM.attributes
                0x0000000000000022       0x34 c:/st/stm32cubeide_1.3.0/stm32cubeide/plugins/com.st.stm32cube.ide.mcu.externaltools.gnu-tools-for-stm32.7-2018-q2-update.win32_1.0.0.201904181610/tools/bin/../lib/gcc/arm-none-eabi/7.3.1/thumb/v7e-m/fpv4-sp/hard/crtbegin.o
 .ARM.attributes
                0x0000000000000056       0x39 Core/Src/Shell.o
 .ARM.attributes
                0x000000000000008f       0x39 Core/Src/crc.o
 .ARM.attributes
                0x00000000000000c8       0x39 Core/Src/dma2d.o
 .ARM.attributes
                0x0000000000000101       0x39 Core/Src/fmc.o
 .ARM.attributes
                0x000000000000013a       0x39 Core/Src/freertos.o
 .ARM.attributes
                0x0000000000000173       0x39 Core/Src/gpio.o
 .ARM.attributes
                0x00000000000001ac       0x39 Core/Src/i2c.o
 .ARM.attributes
                0x00000000000001e5       0x39 Core/Src/ltdc.o
 .ARM.attributes
                0x000000000000021e       0x39 Core/Src/main.o
 .ARM.attributes
                0x0000000000000257       0x39 Core/Src/spi.o
 .ARM.attributes
                0x0000000000000290       0x39 Core/Src/stm32f4xx_hal_msp.o
 .ARM.attributes
                0x00000000000002c9       0x39 Core/Src/stm32f4xx_hal_timebase_tim.o
 .ARM.attributes
                0x0000000000000302       0x39 Core/Src/stm32f4xx_it.o
 .ARM.attributes
                0x000000000000033b       0x39 Core/Src/syscalls.o
 .ARM.attributes
                0x0000000000000374       0x39 Core/Src/sysmem.o
 .ARM.attributes
                0x00000000000003ad       0x39 Core/Src/system_stm32f4xx.o
 .ARM.attributes
                0x00000000000003e6       0x39 Core/Src/tim.o
 .ARM.attributes
                0x000000000000041f       0x39 Core/Src/usart.o
 .ARM.attributes
                0x0000000000000458       0x39 Core/Src/usb_otg.o
 .ARM.attributes
                0x0000000000000491       0x21 Core/Startup/startup_stm32f429zitx.o
 .ARM.attributes
                0x00000000000004b2       0x39 Drivers/STM32F4xx_HAL_Driver/Src/stm32f4xx_hal.o
 .ARM.attributes
                0x00000000000004eb       0x39 Drivers/STM32F4xx_HAL_Driver/Src/stm32f4xx_hal_cortex.o
 .ARM.attributes
                0x0000000000000524       0x39 Drivers/STM32F4xx_HAL_Driver/Src/stm32f4xx_hal_crc.o
 .ARM.attributes
                0x000000000000055d       0x39 Drivers/STM32F4xx_HAL_Driver/Src/stm32f4xx_hal_dma.o
 .ARM.attributes
                0x0000000000000596       0x39 Drivers/STM32F4xx_HAL_Driver/Src/stm32f4xx_hal_dma2d.o
 .ARM.attributes
                0x00000000000005cf       0x39 Drivers/STM32F4xx_HAL_Driver/Src/stm32f4xx_hal_gpio.o
 .ARM.attributes
                0x0000000000000608       0x39 Drivers/STM32F4xx_HAL_Driver/Src/stm32f4xx_hal_hcd.o
 .ARM.attributes
                0x0000000000000641       0x39 Drivers/STM32F4xx_HAL_Driver/Src/stm32f4xx_hal_i2c.o
 .ARM.attributes
                0x000000000000067a       0x39 Drivers/STM32F4xx_HAL_Driver/Src/stm32f4xx_hal_i2c_ex.o
 .ARM.attributes
                0x00000000000006b3       0x39 Drivers/STM32F4xx_HAL_Driver/Src/stm32f4xx_hal_ltdc.o
 .ARM.attributes
                0x00000000000006ec       0x39 Drivers/STM32F4xx_HAL_Driver/Src/stm32f4xx_hal_rcc.o
 .ARM.attributes
                0x0000000000000725       0x39 Drivers/STM32F4xx_HAL_Driver/Src/stm32f4xx_hal_rcc_ex.o
 .ARM.attributes
                0x000000000000075e       0x39 Drivers/STM32F4xx_HAL_Driver/Src/stm32f4xx_hal_sdram.o
 .ARM.attributes
                0x0000000000000797       0x39 Drivers/STM32F4xx_HAL_Driver/Src/stm32f4xx_hal_spi.o
 .ARM.attributes
                0x00000000000007d0       0x39 Drivers/STM32F4xx_HAL_Driver/Src/stm32f4xx_hal_tim.o
 .ARM.attributes
                0x0000000000000809       0x39 Drivers/STM32F4xx_HAL_Driver/Src/stm32f4xx_hal_tim_ex.o
 .ARM.attributes
                0x0000000000000842       0x39 Drivers/STM32F4xx_HAL_Driver/Src/stm32f4xx_hal_uart.o
 .ARM.attributes
                0x000000000000087b       0x39 Drivers/STM32F4xx_HAL_Driver/Src/stm32f4xx_ll_fmc.o
 .ARM.attributes
                0x00000000000008b4       0x39 Drivers/STM32F4xx_HAL_Driver/Src/stm32f4xx_ll_usb.o
 .ARM.attributes
                0x00000000000008ed       0x39 Middlewares/Third_Party/FreeRTOS/Source/CMSIS_RTOS/cmsis_os.o
 .ARM.attributes
                0x0000000000000926       0x39 Middlewares/Third_Party/FreeRTOS/Source/list.o
 .ARM.attributes
                0x000000000000095f       0x39 Middlewares/Third_Party/FreeRTOS/Source/queue.o
 .ARM.attributes
                0x0000000000000998       0x39 Middlewares/Third_Party/FreeRTOS/Source/tasks.o
 .ARM.attributes
                0x00000000000009d1       0x39 Middlewares/Third_Party/FreeRTOS/Source/portable/GCC/ARM_CM4F/port.o
 .ARM.attributes
                0x0000000000000a0a       0x39 Middlewares/Third_Party/FreeRTOS/Source/portable/MemMang/heap_4.o
 .ARM.attributes
                0x0000000000000a43       0x34 c:/st/stm32cubeide_1.3.0/stm32cubeide/plugins/com.st.stm32cube.ide.mcu.externaltools.gnu-tools-for-stm32.7-2018-q2-update.win32_1.0.0.201904181610/tools/bin/../lib/gcc/arm-none-eabi/7.3.1/../../../../arm-none-eabi/lib/thumb/v7e-m/fpv4-sp/hard\libc_nano.a(lib_a-errno.o)
 .ARM.attributes
                0x0000000000000a77       0x34 c:/st/stm32cubeide_1.3.0/stm32cubeide/plugins/com.st.stm32cube.ide.mcu.externaltools.gnu-tools-for-stm32.7-2018-q2-update.win32_1.0.0.201904181610/tools/bin/../lib/gcc/arm-none-eabi/7.3.1/../../../../arm-none-eabi/lib/thumb/v7e-m/fpv4-sp/hard\libc_nano.a(lib_a-impure.o)
 .ARM.attributes
                0x0000000000000aab       0x34 c:/st/stm32cubeide_1.3.0/stm32cubeide/plugins/com.st.stm32cube.ide.mcu.externaltools.gnu-tools-for-stm32.7-2018-q2-update.win32_1.0.0.201904181610/tools/bin/../lib/gcc/arm-none-eabi/7.3.1/../../../../arm-none-eabi/lib/thumb/v7e-m/fpv4-sp/hard\libc_nano.a(lib_a-init.o)
 .ARM.attributes
                0x0000000000000adf       0x34 c:/st/stm32cubeide_1.3.0/stm32cubeide/plugins/com.st.stm32cube.ide.mcu.externaltools.gnu-tools-for-stm32.7-2018-q2-update.win32_1.0.0.201904181610/tools/bin/../lib/gcc/arm-none-eabi/7.3.1/../../../../arm-none-eabi/lib/thumb/v7e-m/fpv4-sp/hard\libc_nano.a(lib_a-memset.o)
 .ARM.attributes
                0x0000000000000b13       0x34 c:/st/stm32cubeide_1.3.0/stm32cubeide/plugins/com.st.stm32cube.ide.mcu.externaltools.gnu-tools-for-stm32.7-2018-q2-update.win32_1.0.0.201904181610/tools/bin/../lib/gcc/arm-none-eabi/7.3.1/../../../../arm-none-eabi/lib/thumb/v7e-m/fpv4-sp/hard\libc_nano.a(lib_a-printf.o)
 .ARM.attributes
                0x0000000000000b47       0x34 c:/st/stm32cubeide_1.3.0/stm32cubeide/plugins/com.st.stm32cube.ide.mcu.externaltools.gnu-tools-for-stm32.7-2018-q2-update.win32_1.0.0.201904181610/tools/bin/../lib/gcc/arm-none-eabi/7.3.1/../../../../arm-none-eabi/lib/thumb/v7e-m/fpv4-sp/hard\libc_nano.a(lib_a-puts.o)
 .ARM.attributes
                0x0000000000000b7b       0x34 c:/st/stm32cubeide_1.3.0/stm32cubeide/plugins/com.st.stm32cube.ide.mcu.externaltools.gnu-tools-for-stm32.7-2018-q2-update.win32_1.0.0.201904181610/tools/bin/../lib/gcc/arm-none-eabi/7.3.1/../../../../arm-none-eabi/lib/thumb/v7e-m/fpv4-sp/hard\libc_nano.a(lib_a-wbuf.o)
 .ARM.attributes
                0x0000000000000baf       0x34 c:/st/stm32cubeide_1.3.0/stm32cubeide/plugins/com.st.stm32cube.ide.mcu.externaltools.gnu-tools-for-stm32.7-2018-q2-update.win32_1.0.0.201904181610/tools/bin/../lib/gcc/arm-none-eabi/7.3.1/../../../../arm-none-eabi/lib/thumb/v7e-m/fpv4-sp/hard\libc_nano.a(lib_a-wsetup.o)
 .ARM.attributes
                0x0000000000000be3       0x34 c:/st/stm32cubeide_1.3.0/stm32cubeide/plugins/com.st.stm32cube.ide.mcu.externaltools.gnu-tools-for-stm32.7-2018-q2-update.win32_1.0.0.201904181610/tools/bin/../lib/gcc/arm-none-eabi/7.3.1/../../../../arm-none-eabi/lib/thumb/v7e-m/fpv4-sp/hard\libc_nano.a(lib_a-fflush.o)
 .ARM.attributes